Archive member included to satisfy reference by file (symbol)

/Applications/STM32CubeIDE.app/Contents/Eclipse/plugins/com.st.stm32cube.ide.mcu.externaltools.gnu-tools-for-stm32.11.3.rel1.macos64_1.1.0.202305231506/tools/bin/../lib/gcc/arm-none-eabi/11.3.1/../../../../arm-none-eabi/lib/thumb/v7e-m/nofp/libc_nano.a(libc_a-exit.o)
                              /Applications/STM32CubeIDE.app/Contents/Eclipse/plugins/com.st.stm32cube.ide.mcu.externaltools.gnu-tools-for-stm32.11.3.rel1.macos64_1.1.0.202305231506/tools/bin/../lib/gcc/arm-none-eabi/11.3.1/../../../../arm-none-eabi/lib/thumb/v7e-m/nofp/crt0.o (exit)
/Applications/STM32CubeIDE.app/Contents/Eclipse/plugins/com.st.stm32cube.ide.mcu.externaltools.gnu-tools-for-stm32.11.3.rel1.macos64_1.1.0.202305231506/tools/bin/../lib/gcc/arm-none-eabi/11.3.1/../../../../arm-none-eabi/lib/thumb/v7e-m/nofp/libc_nano.a(libc_a-findfp.o)
                              /Applications/STM32CubeIDE.app/Contents/Eclipse/plugins/com.st.stm32cube.ide.mcu.externaltools.gnu-tools-for-stm32.11.3.rel1.macos64_1.1.0.202305231506/tools/bin/../lib/gcc/arm-none-eabi/11.3.1/../../../../arm-none-eabi/lib/thumb/v7e-m/nofp/libc_nano.a(libc_a-exit.o) (__stdio_exit_handler)
/Applications/STM32CubeIDE.app/Contents/Eclipse/plugins/com.st.stm32cube.ide.mcu.externaltools.gnu-tools-for-stm32.11.3.rel1.macos64_1.1.0.202305231506/tools/bin/../lib/gcc/arm-none-eabi/11.3.1/../../../../arm-none-eabi/lib/thumb/v7e-m/nofp/libc_nano.a(libc_a-fwalk.o)
                              /Applications/STM32CubeIDE.app/Contents/Eclipse/plugins/com.st.stm32cube.ide.mcu.externaltools.gnu-tools-for-stm32.11.3.rel1.macos64_1.1.0.202305231506/tools/bin/../lib/gcc/arm-none-eabi/11.3.1/../../../../arm-none-eabi/lib/thumb/v7e-m/nofp/libc_nano.a(libc_a-findfp.o) (_fwalk_sglue)
/Applications/STM32CubeIDE.app/Contents/Eclipse/plugins/com.st.stm32cube.ide.mcu.externaltools.gnu-tools-for-stm32.11.3.rel1.macos64_1.1.0.202305231506/tools/bin/../lib/gcc/arm-none-eabi/11.3.1/../../../../arm-none-eabi/lib/thumb/v7e-m/nofp/libc_nano.a(libc_a-vsnprintf.o)
                              ./Core/Src/com_debug.o (vsnprintf)
/Applications/STM32CubeIDE.app/Contents/Eclipse/plugins/com.st.stm32cube.ide.mcu.externaltools.gnu-tools-for-stm32.11.3.rel1.macos64_1.1.0.202305231506/tools/bin/../lib/gcc/arm-none-eabi/11.3.1/../../../../arm-none-eabi/lib/thumb/v7e-m/nofp/libc_nano.a(libc_a-memset.o)
                              /Applications/STM32CubeIDE.app/Contents/Eclipse/plugins/com.st.stm32cube.ide.mcu.externaltools.gnu-tools-for-stm32.11.3.rel1.macos64_1.1.0.202305231506/tools/bin/../lib/gcc/arm-none-eabi/11.3.1/../../../../arm-none-eabi/lib/thumb/v7e-m/nofp/crt0.o (memset)
/Applications/STM32CubeIDE.app/Contents/Eclipse/plugins/com.st.stm32cube.ide.mcu.externaltools.gnu-tools-for-stm32.11.3.rel1.macos64_1.1.0.202305231506/tools/bin/../lib/gcc/arm-none-eabi/11.3.1/../../../../arm-none-eabi/lib/thumb/v7e-m/nofp/libc_nano.a(libc_a-impure.o)
                              /Applications/STM32CubeIDE.app/Contents/Eclipse/plugins/com.st.stm32cube.ide.mcu.externaltools.gnu-tools-for-stm32.11.3.rel1.macos64_1.1.0.202305231506/tools/bin/../lib/gcc/arm-none-eabi/11.3.1/../../../../arm-none-eabi/lib/thumb/v7e-m/nofp/libc_nano.a(libc_a-vsnprintf.o) (_impure_ptr)
/Applications/STM32CubeIDE.app/Contents/Eclipse/plugins/com.st.stm32cube.ide.mcu.externaltools.gnu-tools-for-stm32.11.3.rel1.macos64_1.1.0.202305231506/tools/bin/../lib/gcc/arm-none-eabi/11.3.1/../../../../arm-none-eabi/lib/thumb/v7e-m/nofp/libc_nano.a(libc_a-errno.o)
                              ./Core/Src/syscalls.o (__errno)
/Applications/STM32CubeIDE.app/Contents/Eclipse/plugins/com.st.stm32cube.ide.mcu.externaltools.gnu-tools-for-stm32.11.3.rel1.macos64_1.1.0.202305231506/tools/bin/../lib/gcc/arm-none-eabi/11.3.1/../../../../arm-none-eabi/lib/thumb/v7e-m/nofp/libc_nano.a(libc_a-init.o)
                              /Applications/STM32CubeIDE.app/Contents/Eclipse/plugins/com.st.stm32cube.ide.mcu.externaltools.gnu-tools-for-stm32.11.3.rel1.macos64_1.1.0.202305231506/tools/bin/../lib/gcc/arm-none-eabi/11.3.1/../../../../arm-none-eabi/lib/thumb/v7e-m/nofp/crt0.o (__libc_init_array)
/Applications/STM32CubeIDE.app/Contents/Eclipse/plugins/com.st.stm32cube.ide.mcu.externaltools.gnu-tools-for-stm32.11.3.rel1.macos64_1.1.0.202305231506/tools/bin/../lib/gcc/arm-none-eabi/11.3.1/../../../../arm-none-eabi/lib/thumb/v7e-m/nofp/libc_nano.a(libc_a-lock.o)
                              /Applications/STM32CubeIDE.app/Contents/Eclipse/plugins/com.st.stm32cube.ide.mcu.externaltools.gnu-tools-for-stm32.11.3.rel1.macos64_1.1.0.202305231506/tools/bin/../lib/gcc/arm-none-eabi/11.3.1/../../../../arm-none-eabi/lib/thumb/v7e-m/nofp/libc_nano.a(libc_a-findfp.o) (__retarget_lock_init_recursive)
[...]
Memory Configuration

Name             Origin             Length             Attributes
RAM              0x0000000020000000 0x0000000000010000 xrw
RAM2             0x0000000010000000 0x0000000000008000 xrw
FLASH            0x0000000008000000 0x0000000000040000 xr
*default*        0x0000000000000000 0xffffffffffffffff

Linker script and memory map

LOAD /Applications/STM32CubeIDE.app/Contents/Eclipse/plugins/com.st.stm32cube.ide.mcu.externaltools.gnu-tools-for-stm32.11.3.rel1.macos64_1.1.0.202305231506/tools/bin/../lib/gcc/arm-none-eabi/11.3.1/thumb/v7e-m/nofp/crti.o
LOAD /Applications/STM32CubeIDE.app/Contents/Eclipse/plugins/com.st.stm32cube.ide.mcu.externaltools.gnu-tools-for-stm32.11.3.rel1.macos64_1.1.0.202305231506/tools/bin/../lib/gcc/arm-none-eabi/11.3.1/thumb/v7e-m/nofp/crtbegin.o
LOAD /Applications/STM32CubeIDE.app/Contents/Eclipse/plugins/com.st.stm32cube.ide.mcu.externaltools.gnu-tools-for-stm32.11.3.rel1.macos64_1.1.0.202305231506/tools/bin/../lib/gcc/arm-none-eabi/11.3.1/../../../../arm-none-eabi/lib/thumb/v7e-m/nofp/crt0.o
LOAD ./Core/Src/ax25_generator.o
LOAD ./Core/Src/com_debug.o
LOAD ./Core/Src/dma.o
LOAD ./Core/Src/error_handler.o
LOAD ./Core/Src/gpio.o
LOAD ./Core/Src/main.o
LOAD ./Core/Src/obc_interface.o
LOAD ./Core/Src/stm32_adv_trace_if.o
LOAD ./Core/Src/stm32_lpm_if.o
LOAD ./Core/Src/stm32wlxx_hal_msp.o
LOAD ./Core/Src/stm32wlxx_it.o
LOAD ./Core/Src/subghz.o
LOAD ./Core/Src/sys_app.o
LOAD ./Core/Src/syscalls.o
LOAD ./Core/Src/sysmem.o
LOAD ./Core/Src/system_stm32wlxx.o
LOAD ./Core/Src/tim.o
LOAD ./Core/Src/timer_if.o
LOAD ./Core/Src/usart.o
LOAD ./Core/Startup/startup_stm32wl55jcix.o
LOAD ./Drivers/STM32WLxx_HAL_Driver/Src/stm32wlxx_hal.o
LOAD ./Drivers/STM32WLxx_HAL_Driver/Src/stm32wlxx_hal_cortex.o
LOAD ./Drivers/STM32WLxx_HAL_Driver/Src/stm32wlxx_hal_dma.o
LOAD ./Drivers/STM32WLxx_HAL_Driver/Src/stm32wlxx_hal_dma_ex.o
LOAD ./Drivers/STM32WLxx_HAL_Driver/Src/stm32wlxx_hal_exti.o
LOAD ./Drivers/STM32WLxx_HAL_Driver/Src/stm32wlxx_hal_flash.o
LOAD ./Drivers/STM32WLxx_HAL_Driver/Src/stm32wlxx_hal_flash_ex.o
LOAD ./Drivers/STM32WLxx_HAL_Driver/Src/stm32wlxx_hal_gpio.o
LOAD ./Drivers/STM32WLxx_HAL_Driver/Src/stm32wlxx_hal_pwr.o
LOAD ./Drivers/STM32WLxx_HAL_Driver/Src/stm32wlxx_hal_pwr_ex.o
LOAD ./Drivers/STM32WLxx_HAL_Driver/Src/stm32wlxx_hal_rcc.o
LOAD ./Drivers/STM32WLxx_HAL_Driver/Src/stm32wlxx_hal_rcc_ex.o
LOAD ./Drivers/STM32WLxx_HAL_Driver/Src/stm32wlxx_hal_subghz.o
LOAD ./Drivers/STM32WLxx_HAL_Driver/Src/stm32wlxx_hal_tim.o
LOAD ./Drivers/STM32WLxx_HAL_Driver/Src/stm32wlxx_hal_tim_ex.o
LOAD ./Drivers/STM32WLxx_HAL_Driver/Src/stm32wlxx_hal_uart.o
LOAD ./Drivers/STM32WLxx_HAL_Driver/Src/stm32wlxx_hal_uart_ex.o
LOAD ./Drivers/STM32WLxx_Nucleo/stm32wlxx_nucleo.o
LOAD ./Drivers/STM32WLxx_Nucleo/stm32wlxx_nucleo_radio.o
LOAD ./Middlewares/Third_Party/SubGHz_Phy/stm32_radio_driver/lr_fhss_mac.o
LOAD ./Middlewares/Third_Party/SubGHz_Phy/stm32_radio_driver/radio.o
LOAD ./Middlewares/Third_Party/SubGHz_Phy/stm32_radio_driver/radio_driver.o
LOAD ./Middlewares/Third_Party/SubGHz_Phy/stm32_radio_driver/radio_fw.o
LOAD ./Middlewares/Third_Party/SubGHz_Phy/stm32_radio_driver/wl_lr_fhss.o
LOAD ./SubGHz_Phy/App/app_subghz_phy.o
LOAD ./SubGHz_Phy/App/subghz_phy_app.o
LOAD ./SubGHz_Phy/Target/radio_board_if.o
LOAD ./Utilities/lpm/tiny_lpm/stm32_lpm.o
LOAD ./Utilities/misc/stm32_mem.o
LOAD ./Utilities/misc/stm32_systime.o
LOAD ./Utilities/misc/stm32_tiny_sscanf.o
LOAD ./Utilities/misc/stm32_tiny_vsnprintf.o
LOAD ./Utilities/sequencer/stm32_seq.o
LOAD ./Utilities/timer/stm32_timer.o
LOAD ./Utilities/trace/adv_trace/stm32_adv_trace.o
START GROUP
LOAD /Applications/STM32CubeIDE.app/Contents/Eclipse/plugins/com.st.stm32cube.ide.mcu.externaltools.gnu-tools-for-stm32.11.3.rel1.macos64_1.1.0.202305231506/tools/bin/../lib/gcc/arm-none-eabi/11.3.1/../../../../arm-none-eabi/lib/thumb/v7e-m/nofp/libc_nano.a
LOAD /Applications/STM32CubeIDE.app/Contents/Eclipse/plugins/com.st.stm32cube.ide.mcu.externaltools.gnu-tools-for-stm32.11.3.rel1.macos64_1.1.0.202305231506/tools/bin/../lib/gcc/arm-none-eabi/11.3.1/../../../../arm-none-eabi/lib/thumb/v7e-m/nofp/libm.a
END GROUP
START GROUP
LOAD /Applications/STM32CubeIDE.app/Contents/Eclipse/plugins/com.st.stm32cube.ide.mcu.externaltools.gnu-tools-for-stm32.11.3.rel1.macos64_1.1.0.202305231506/tools/bin/../lib/gcc/arm-none-eabi/11.3.1/thumb/v7e-m/nofp/libgcc.a
LOAD /Applications/STM32CubeIDE.app/Contents/Eclipse/plugins/com.st.stm32cube.ide.mcu.externaltools.gnu-tools-for-stm32.11.3.rel1.macos64_1.1.0.202305231506/tools/bin/../lib/gcc/arm-none-eabi/11.3.1/../../../../arm-none-eabi/lib/thumb/v7e-m/nofp/libc_nano.a
END GROUP
START GROUP
LOAD /Applications/STM32CubeIDE.app/Contents/Eclipse/plugins/com.st.stm32cube.ide.mcu.externaltools.gnu-tools-for-stm32.11.3.rel1.macos64_1.1.0.202305231506/tools/bin/../lib/gcc/arm-none-eabi/11.3.1/thumb/v7e-m/nofp/libgcc.a
LOAD /Applications/STM32CubeIDE.app/Contents/Eclipse/plugins/com.st.stm32cube.ide.mcu.externaltools.gnu-tools-for-stm32.11.3.rel1.macos64_1.1.0.202305231506/tools/bin/../lib/gcc/arm-none-eabi/11.3.1/../../../../arm-none-eabi/lib/thumb/v7e-m/nofp/libc_nano.a
LOAD /Applications/STM32CubeIDE.app/Contents/Eclipse/plugins/com.st.stm32cube.ide.mcu.externaltools.gnu-tools-for-stm32.11.3.rel1.macos64_1.1.0.202305231506/tools/bin/../lib/gcc/arm-none-eabi/11.3.1/../../../../arm-none-eabi/lib/thumb/v7e-m/nofp/libnosys.a
END GROUP
START GROUP
LOAD /Applications/STM32CubeIDE.app/Contents/Eclipse/plugins/com.st.stm32cube.ide.mcu.externaltools.gnu-tools-for-stm32.11.3.rel1.macos64_1.1.0.202305231506/tools/bin/../lib/gcc/arm-none-eabi/11.3.1/thumb/v7e-m/nofp/libgcc.a
LOAD /Applications/STM32CubeIDE.app/Contents/Eclipse/plugins/com.st.stm32cube.ide.mcu.externaltools.gnu-tools-for-stm32.11.3.rel1.macos64_1.1.0.202305231506/tools/bin/../lib/gcc/arm-none-eabi/11.3.1/../../../../arm-none-eabi/lib/thumb/v7e-m/nofp/libc_nano.a
LOAD /Applications/STM32CubeIDE.app/Contents/Eclipse/plugins/com.st.stm32cube.ide.mcu.externaltools.gnu-tools-for-stm32.11.3.rel1.macos64_1.1.0.202305231506/tools/bin/../lib/gcc/arm-none-eabi/11.3.1/../../../../arm-none-eabi/lib/thumb/v7e-m/nofp/libnosys.a
END GROUP
LOAD /Applications/STM32CubeIDE.app/Contents/Eclipse/plugins/com.st.stm32cube.ide.mcu.externaltools.gnu-tools-for-stm32.11.3.rel1.macos64_1.1.0.202305231506/tools/bin/../lib/gcc/arm-none-eabi/11.3.1/thumb/v7e-m/nofp/crtend.o
LOAD /Applications/STM32CubeIDE.app/Contents/Eclipse/plugins/com.st.stm32cube.ide.mcu.externaltools.gnu-tools-for-stm32.11.3.rel1.macos64_1.1.0.202305231506/tools/bin/../lib/gcc/arm-none-eabi/11.3.1/thumb/v7e-m/nofp/crtn.o
                0x0000000020010000                _estack = (ORIGIN (RAM) + LENGTH (RAM))
                0x0000000000000200                _Min_Heap_Size = 0x200
                0x0000000000000400                _Min_Stack_Size = 0x400

.isr_vector     0x0000000008000000      0x138
                0x0000000008000000                . = ALIGN (0x4)
 *(.isr_vector)
 .isr_vector    0x0000000008000000      0x138 ./Core/Startup/startup_stm32wl55jcix.o
                0x0000000008000000                g_pfnVectors
                0x0000000008000138                . = ALIGN (0x4)

.text           0x0000000008000140     0xc230
                0x0000000008000140                . = ALIGN (0x4)
 *(.text)
 .text          0x0000000008000140       0x40 /Applications/STM32CubeIDE.app/Contents/Eclipse/plugins/com.st.stm32cube.ide.mcu.externaltools.gnu-tools-for-stm32.11.3.rel1.macos64_1.1.0.202305231506/tools/bin/../lib/gcc/arm-none-eabi/11.3.1/thumb/v7e-m/nofp/crtbegin.o
 .text          0x0000000008000180       0xa0 /Applications/STM32CubeIDE.app/Contents/Eclipse/plugins/com.st.stm32cube.ide.mcu.externaltools.gnu-tools-for-stm32.11.3.rel1.macos64_1.1.0.202305231506/tools/bin/../lib/gcc/arm-none-eabi/11.3.1/../../../../arm-none-eabi/lib/thumb/v7e-m/nofp/libc_nano.a(libc_a-memchr.o)
                0x0000000008000180                memchr
 .text          0x0000000008000220       0x30 /Applications/STM32CubeIDE.app/Contents/Eclipse/plugins/com.st.stm32cube.ide.mcu.externaltools.gnu-tools-for-stm32.11.3.rel1.macos64_1.1.0.202305231506/tools/bin/../lib/gcc/arm-none-eabi/11.3.1/thumb/v7e-m/nofp/libgcc.a(_aeabi_uldivmod.o)
                0x0000000008000220                __aeabi_uldivmod
 .text          0x0000000008000250      0x2c8 /Applications/STM32CubeIDE.app/Contents/Eclipse/plugins/com.st.stm32cube.ide.mcu.externaltools.gnu-tools-for-stm32.11.3.rel1.macos64_1.1.0.202305231506/tools/bin/../lib/gcc/arm-none-eabi/11.3.1/thumb/v7e-m/nofp/libgcc.a(_udivmoddi4.o)
                0x0000000008000250                __udivmoddi4
 .text          0x0000000008000518        0x4 /Applications/STM32CubeIDE.app/Contents/Eclipse/plugins/com.st.stm32cube.ide.mcu.externaltools.gnu-tools-for-stm32.11.3.rel1.macos64_1.1.0.202305231506/tools/bin/../lib/gcc/arm-none-eabi/11.3.1/thumb/v7e-m/nofp/libgcc.a(_dvmd_tls.o)
                0x0000000008000518                __aeabi_ldiv0
                0x0000000008000518                __aeabi_idiv0
 *(.text*)
 .text.updatePacket
                0x000000000800051c       0x64 ./Core/Src/ax25_generator.o
                0x000000000800051c                updatePacket
 .text.getHDLCPacket
                0x0000000008000580       0xb4 ./Core/Src/ax25_generator.o
                0x0000000008000580                getHDLCPacket
 .text.getAX25Packet
                0x0000000008000634      0x114 ./Core/Src/ax25_generator.o
                0x0000000008000634                getAX25Packet
 .text.delay_us
                0x0000000008000748       0x34 ./Core/Src/com_debug.o
                0x0000000008000748                delay_us
 .text.myDebug  0x000000000800077c       0x48 ./Core/Src/com_debug.o
                0x000000000800077c                myDebug
 .text.bufferSize
                0x00000000080007c4       0x2c ./Core/Src/com_debug.o
                0x00000000080007c4                bufferSize
 .text.LL_AHB1_GRP1_EnableClock
                0x00000000080007f0       0x30 ./Core/Src/dma.o
 .text.MX_DMA_Init
                0x0000000008000820       0x74 ./Core/Src/dma.o
                0x0000000008000820                MX_DMA_Init
 .text.calculateCRC_CCITT_AX25
                0x0000000008000894       0x7e ./Core/Src/error_handler.o
                0x0000000008000894                calculateCRC_CCITT_AX25
 .text.bit_stuffing
                0x0000000008000912      0x150 ./Core/Src/error_handler.o
                0x0000000008000912                bit_stuffing
 .text.bit_destuffing
                0x0000000008000a62       0xf6 ./Core/Src/error_handler.o
                0x0000000008000a62                bit_destuffing
 .text.check_packet_type
                0x0000000008000b58       0x88 ./Core/Src/error_handler.o
                0x0000000008000b58                check_packet_type
 .text.LL_AHB2_GRP1_EnableClock
                0x0000000008000be0       0x30 ./Core/Src/gpio.o
 .text.MX_GPIO_Init
                0x0000000008000c10       0xb4 ./Core/Src/gpio.o
                0x0000000008000c10                MX_GPIO_Init
 .text.countsDataBetweenFlags
                0x0000000008000cc4       0x6c ./Core/Src/main.o
                0x0000000008000cc4                countsDataBetweenFlags
 .text.setPacketParams
                0x0000000008000d30       0x54 ./Core/Src/main.o
                0x0000000008000d30                setPacketParams
 .text.setModulationParams
                0x0000000008000d84       0x3c ./Core/Src/main.o
                0x0000000008000d84                setModulationParams
 .text.radioConfig
                0x0000000008000dc0       0x60 ./Core/Src/main.o
                0x0000000008000dc0                radioConfig
 .text.HAL_UART_RxCpltCallback
                0x0000000008000e20      0x490 ./Core/Src/main.o
                0x0000000008000e20                HAL_UART_RxCpltCallback
 .text.main     0x00000000080012b0      0xd34 ./Core/Src/main.o
                0x00000000080012b0                main
 .text.SystemClock_Config
                0x0000000008001fe4       0xc0 ./Core/Src/main.o
                0x0000000008001fe4                SystemClock_Config
 .text.DioIrqHndlr
                0x00000000080020a4      0x508 ./Core/Src/main.o
                0x00000000080020a4                DioIrqHndlr
 .text.Error_Handler
                0x00000000080025ac        0xa ./Core/Src/main.o
                0x00000000080025ac                Error_Handler
 *fill*         0x00000000080025b6        0x2 
 .text.WAIT_FOR_HANDSHAKE
                0x00000000080025b8      0x1ec ./Core/Src/obc_interface.o
                0x00000000080025b8                WAIT_FOR_HANDSHAKE
 .text.HAL_MspInit
                0x00000000080027a4        0xc ./Core/Src/stm32wlxx_hal_msp.o
                0x00000000080027a4                HAL_MspInit
 .text.NMI_Handler
                0x00000000080027b0        0x6 ./Core/Src/stm32wlxx_it.o
                0x00000000080027b0                NMI_Handler
 .text.HardFault_Handler
                0x00000000080027b6        0x6 ./Core/Src/stm32wlxx_it.o
                0x00000000080027b6                HardFault_Handler
 .text.MemManage_Handler
                0x00000000080027bc        0x6 ./Core/Src/stm32wlxx_it.o
                0x00000000080027bc                MemManage_Handler
 .text.BusFault_Handler
                0x00000000080027c2        0x6 ./Core/Src/stm32wlxx_it.o
                0x00000000080027c2                BusFault_Handler
 .text.UsageFault_Handler
                0x00000000080027c8        0x6 ./Core/Src/stm32wlxx_it.o
                0x00000000080027c8                UsageFault_Handler
 .text.SVC_Handler
                0x00000000080027ce        0xc ./Core/Src/stm32wlxx_it.o
                0x00000000080027ce                SVC_Handler
 .text.DebugMon_Handler
                0x00000000080027da        0xc ./Core/Src/stm32wlxx_it.o
                0x00000000080027da                DebugMon_Handler
 .text.PendSV_Handler
                0x00000000080027e6        0xc ./Core/Src/stm32wlxx_it.o
                0x00000000080027e6                PendSV_Handler
 .text.SysTick_Handler
                0x00000000080027f2        0xc ./Core/Src/stm32wlxx_it.o
                0x00000000080027f2                SysTick_Handler
 *fill*         0x00000000080027fe        0x2 
 .text.DMA1_Channel1_IRQHandler
                0x0000000008002800       0x14 ./Core/Src/stm32wlxx_it.o
                0x0000000008002800                DMA1_Channel1_IRQHandler
 .text.DMA1_Channel2_IRQHandler
                0x0000000008002814       0x14 ./Core/Src/stm32wlxx_it.o
                0x0000000008002814                DMA1_Channel2_IRQHandler
 .text.DMA1_Channel3_IRQHandler
                0x0000000008002828       0x14 ./Core/Src/stm32wlxx_it.o
                0x0000000008002828                DMA1_Channel3_IRQHandler
 .text.DMA1_Channel4_IRQHandler
                0x000000000800283c       0x14 ./Core/Src/stm32wlxx_it.o
                0x000000000800283c                DMA1_Channel4_IRQHandler
 .text.DMA1_Channel5_IRQHandler
                0x0000000008002850       0x14 ./Core/Src/stm32wlxx_it.o
                0x0000000008002850                DMA1_Channel5_IRQHandler
 .text.DMA1_Channel6_IRQHandler
                0x0000000008002864       0x14 ./Core/Src/stm32wlxx_it.o
                0x0000000008002864                DMA1_Channel6_IRQHandler
 .text.USART1_IRQHandler
                0x0000000008002878       0x14 ./Core/Src/stm32wlxx_it.o
                0x0000000008002878                USART1_IRQHandler
 .text.USART2_IRQHandler
                0x000000000800288c       0x14 ./Core/Src/stm32wlxx_it.o
                0x000000000800288c                USART2_IRQHandler
 .text.LPUART1_IRQHandler
                0x00000000080028a0       0x14 ./Core/Src/stm32wlxx_it.o
                0x00000000080028a0                LPUART1_IRQHandler
 .text.SUBGHZ_Radio_IRQHandler
                0x00000000080028b4       0x14 ./Core/Src/stm32wlxx_it.o
                0x00000000080028b4                SUBGHZ_Radio_IRQHandler
 .text.LL_APB3_GRP1_EnableClock
                0x00000000080028c8       0x30 ./Core/Src/subghz.o
 .text.MX_SUBGHZ_Init
                0x00000000080028f8       0x24 ./Core/Src/subghz.o
                0x00000000080028f8                MX_SUBGHZ_Init
 .text.HAL_SUBGHZ_MspInit
                0x000000000800291c       0x26 ./Core/Src/subghz.o
                0x000000000800291c                HAL_SUBGHZ_MspInit
 .text.SystemApp_Init
                0x0000000008002942        0xc ./Core/Src/sys_app.o
                0x0000000008002942                SystemApp_Init
 *fill*         0x000000000800294e        0x2 
 .text.HAL_GetTick
                0x0000000008002950       0x28 ./Core/Src/sys_app.o
                0x0000000008002950                HAL_GetTick
 .text.HAL_Delay
                0x0000000008002978       0x18 ./Core/Src/sys_app.o
                0x0000000008002978                HAL_Delay
 .text._sbrk    0x0000000008002990       0x6c ./Core/Src/sysmem.o
                0x0000000008002990                _sbrk
 .text.SystemInit
                0x00000000080029fc        0xc ./Core/Src/system_stm32wlxx.o
                0x00000000080029fc                SystemInit
 .text.LL_APB1_GRP1_EnableClock
                0x0000000008002a08       0x30 ./Core/Src/tim.o
 .text.MX_TIM2_Init
                0x0000000008002a38       0x9c ./Core/Src/tim.o
                0x0000000008002a38                MX_TIM2_Init
 .text.HAL_TIM_Base_MspInit
                0x0000000008002ad4       0x20 ./Core/Src/tim.o
                0x0000000008002ad4                HAL_TIM_Base_MspInit
 .text.TIMER_IF_Init
                0x0000000008002af4       0x16 ./Core/Src/timer_if.o
                0x0000000008002af4                TIMER_IF_Init
 .text.TIMER_IF_StartTimer
                0x0000000008002b0a       0x18 ./Core/Src/timer_if.o
                0x0000000008002b0a                TIMER_IF_StartTimer
 .text.TIMER_IF_StopTimer
                0x0000000008002b22       0x16 ./Core/Src/timer_if.o
                0x0000000008002b22                TIMER_IF_StopTimer
 .text.TIMER_IF_SetTimerContext
                0x0000000008002b38       0x14 ./Core/Src/timer_if.o
                0x0000000008002b38                TIMER_IF_SetTimerContext
 .text.TIMER_IF_GetTimerContext
                0x0000000008002b4c       0x14 ./Core/Src/timer_if.o
                0x0000000008002b4c                TIMER_IF_GetTimerContext
 .text.TIMER_IF_GetTimerElapsedTime
                0x0000000008002b60       0x16 ./Core/Src/timer_if.o
                0x0000000008002b60                TIMER_IF_GetTimerElapsedTime
 .text.TIMER_IF_GetTimerValue
                0x0000000008002b76       0x16 ./Core/Src/timer_if.o
                0x0000000008002b76                TIMER_IF_GetTimerValue
 .text.TIMER_IF_GetMinimumTimeout
                0x0000000008002b8c       0x16 ./Core/Src/timer_if.o
                0x0000000008002b8c                TIMER_IF_GetMinimumTimeout
 .text.TIMER_IF_Convert_ms2Tick
                0x0000000008002ba2       0x18 ./Core/Src/timer_if.o
                0x0000000008002ba2                TIMER_IF_Convert_ms2Tick
 .text.TIMER_IF_Convert_Tick2ms
                0x0000000008002bba       0x18 ./Core/Src/timer_if.o
                0x0000000008002bba                TIMER_IF_Convert_Tick2ms
 .text.TIMER_IF_DelayMs
                0x0000000008002bd2       0x12 ./Core/Src/timer_if.o
                0x0000000008002bd2                TIMER_IF_DelayMs
 .text.LL_AHB2_GRP1_EnableClock
                0x0000000008002be4       0x30 ./Core/Src/usart.o
 .text.LL_APB1_GRP1_EnableClock
                0x0000000008002c14       0x30 ./Core/Src/usart.o
 .text.LL_APB1_GRP2_EnableClock
                0x0000000008002c44       0x30 ./Core/Src/usart.o
 .text.LL_APB2_GRP1_EnableClock
                0x0000000008002c74       0x30 ./Core/Src/usart.o
 .text.MX_LPUART1_UART_Init
                0x0000000008002ca4       0x98 ./Core/Src/usart.o
                0x0000000008002ca4                MX_LPUART1_UART_Init
 .text.MX_USART1_UART_Init
                0x0000000008002d3c       0x98 ./Core/Src/usart.o
                0x0000000008002d3c                MX_USART1_UART_Init
 .text.MX_USART2_UART_Init
                0x0000000008002dd4       0x98 ./Core/Src/usart.o
                0x0000000008002dd4                MX_USART2_UART_Init
 .text.HAL_UART_MspInit
                0x0000000008002e6c      0x40c ./Core/Src/usart.o
                0x0000000008002e6c                HAL_UART_MspInit
 .text.Reset_Handler
                0x0000000008003278       0x50 ./Core/Startup/startup_stm32wl55jcix.o
                0x0000000008003278                Reset_Handler
 .text.Default_Handler
                0x00000000080032c8        0x2 ./Core/Startup/startup_stm32wl55jcix.o
                0x00000000080032c8                DMA2_Channel3_IRQHandler
                0x00000000080032c8                EXTI2_IRQHandler
                0x00000000080032c8                TIM1_CC_IRQHandler
                0x00000000080032c8                EXTI3_IRQHandler
                0x00000000080032c8                LPTIM2_IRQHandler
                0x00000000080032c8                I2C3_ER_IRQHandler
                0x00000000080032c8                LPTIM3_IRQHandler
                0x00000000080032c8                EXTI0_IRQHandler
                0x00000000080032c8                I2C2_EV_IRQHandler
                0x00000000080032c8                TAMP_STAMP_LSECSS_SSRU_IRQHandler
                0x00000000080032c8                SPI1_IRQHandler
                0x00000000080032c8                DMA2_Channel2_IRQHandler
                0x00000000080032c8                PKA_IRQHandler
                0x00000000080032c8                TIM17_IRQHandler
                0x00000000080032c8                DMA1_Channel7_IRQHandler
                0x00000000080032c8                SUBGHZSPI_IRQHandler
                0x00000000080032c8                IPCC_C1_TX_IRQHandler
                0x00000000080032c8                DMA2_Channel1_IRQHandler
                0x00000000080032c8                I2C1_EV_IRQHandler
                0x00000000080032c8                DMAMUX1_OVR_IRQHandler
                0x00000000080032c8                TIM16_IRQHandler
                0x00000000080032c8                DMA2_Channel4_IRQHandler
                0x00000000080032c8                RCC_IRQHandler
                0x00000000080032c8                TIM1_TRG_COM_IRQHandler
                0x00000000080032c8                Default_Handler
                0x00000000080032c8                DMA2_Channel7_IRQHandler
                0x00000000080032c8                EXTI15_10_IRQHandler
                0x00000000080032c8                IPCC_C1_RX_IRQHandler
                0x00000000080032c8                ADC_IRQHandler
                0x00000000080032c8                C2SEV_PWR_C2H_IRQHandler
                0x00000000080032c8                I2C3_EV_IRQHandler
                0x00000000080032c8                EXTI9_5_IRQHandler
                0x00000000080032c8                RTC_WKUP_IRQHandler
                0x00000000080032c8                PVD_PVM_IRQHandler
                0x00000000080032c8                SPI2_IRQHandler
                0x00000000080032c8                DMA2_Channel5_IRQHandler
                0x00000000080032c8                EXTI4_IRQHandler
                0x00000000080032c8                RNG_IRQHandler
                0x00000000080032c8                COMP_IRQHandler
                0x00000000080032c8                HSEM_IRQHandler
                0x00000000080032c8                TIM1_UP_IRQHandler
                0x00000000080032c8                WWDG_IRQHandler
                0x00000000080032c8                DMA2_Channel6_IRQHandler
                0x00000000080032c8                TIM2_IRQHandler
                0x00000000080032c8                TIM1_BRK_IRQHandler
                0x00000000080032c8                DAC_IRQHandler
                0x00000000080032c8                EXTI1_IRQHandler
                0x00000000080032c8                AES_IRQHandler
                0x00000000080032c8                I2C2_ER_IRQHandler
                0x00000000080032c8                FLASH_IRQHandler
                0x00000000080032c8                I2C1_ER_IRQHandler
                0x00000000080032c8                LPTIM1_IRQHandler
                0x00000000080032c8                RTC_Alarm_IRQHandler
 *fill*         0x00000000080032ca        0x2 
 .text.HAL_Init
                0x00000000080032cc       0x40 ./Drivers/STM32WLxx_HAL_Driver/Src/stm32wlxx_hal.o
                0x00000000080032cc                HAL_Init
 .text.HAL_InitTick
                0x000000000800330c       0x74 ./Drivers/STM32WLxx_HAL_Driver/Src/stm32wlxx_hal.o
                0x000000000800330c                HAL_InitTick
 .text.HAL_IncTick
                0x0000000008003380       0x24 ./Drivers/STM32WLxx_HAL_Driver/Src/stm32wlxx_hal.o
                0x0000000008003380                HAL_IncTick
 .text.__NVIC_SetPriorityGrouping
                0x00000000080033a4       0x48 ./Drivers/STM32WLxx_HAL_Driver/Src/stm32wlxx_hal_cortex.o
 .text.__NVIC_GetPriorityGrouping
                0x00000000080033ec       0x1c ./Drivers/STM32WLxx_HAL_Driver/Src/stm32wlxx_hal_cortex.o
 .text.__NVIC_EnableIRQ
                0x0000000008003408       0x38 ./Drivers/STM32WLxx_HAL_Driver/Src/stm32wlxx_hal_cortex.o
 .text.__NVIC_SetPriority
                0x0000000008003440       0x54 ./Drivers/STM32WLxx_HAL_Driver/Src/stm32wlxx_hal_cortex.o
 .text.NVIC_EncodePriority
                0x0000000008003494       0x64 ./Drivers/STM32WLxx_HAL_Driver/Src/stm32wlxx_hal_cortex.o
 .text.SysTick_Config
                0x00000000080034f8       0x44 ./Drivers/STM32WLxx_HAL_Driver/Src/stm32wlxx_hal_cortex.o
 .text.HAL_NVIC_SetPriorityGrouping
                0x000000000800353c       0x16 ./Drivers/STM32WLxx_HAL_Driver/Src/stm32wlxx_hal_cortex.o
                0x000000000800353c                HAL_NVIC_SetPriorityGrouping
 .text.HAL_NVIC_SetPriority
                0x0000000008003552       0x34 ./Drivers/STM32WLxx_HAL_Driver/Src/stm32wlxx_hal_cortex.o
                0x0000000008003552                HAL_NVIC_SetPriority
 .text.HAL_NVIC_EnableIRQ
                0x0000000008003586       0x1c ./Drivers/STM32WLxx_HAL_Driver/Src/stm32wlxx_hal_cortex.o
                0x0000000008003586                HAL_NVIC_EnableIRQ
 .text.HAL_SYSTICK_Config
                0x00000000080035a2       0x18 ./Drivers/STM32WLxx_HAL_Driver/Src/stm32wlxx_hal_cortex.o
                0x00000000080035a2                HAL_SYSTICK_Config
 *fill*         0x00000000080035ba        0x2 
 .text.HAL_DMA_Init
                0x00000000080035bc      0x150 ./Drivers/STM32WLxx_HAL_Driver/Src/stm32wlxx_hal_dma.o
                0x00000000080035bc                HAL_DMA_Init
 .text.HAL_DMA_Start_IT
                0x000000000800370c       0xfc ./Drivers/STM32WLxx_HAL_Driver/Src/stm32wlxx_hal_dma.o
                0x000000000800370c                HAL_DMA_Start_IT
 .text.HAL_DMA_Abort
                0x0000000008003808       0xbc ./Drivers/STM32WLxx_HAL_Driver/Src/stm32wlxx_hal_dma.o
                0x0000000008003808                HAL_DMA_Abort
 .text.HAL_DMA_Abort_IT
                0x00000000080038c4       0xbe ./Drivers/STM32WLxx_HAL_Driver/Src/stm32wlxx_hal_dma.o
                0x00000000080038c4                HAL_DMA_Abort_IT
 *fill*         0x0000000008003982        0x2 
 .text.HAL_DMA_IRQHandler
                0x0000000008003984      0x18c ./Drivers/STM32WLxx_HAL_Driver/Src/stm32wlxx_hal_dma.o
                0x0000000008003984                HAL_DMA_IRQHandler
 .text.HAL_DMA_ConfigChannelAttributes
                0x0000000008003b10       0x5e ./Drivers/STM32WLxx_HAL_Driver/Src/stm32wlxx_hal_dma.o
                0x0000000008003b10                HAL_DMA_ConfigChannelAttributes
 .text.DMA_SetConfig
                0x0000000008003b6e       0x7a ./Drivers/STM32WLxx_HAL_Driver/Src/stm32wlxx_hal_dma.o
 .text.DMA_CalcDMAMUXChannelBaseAndMask
                0x0000000008003be8       0x90 ./Drivers/STM32WLxx_HAL_Driver/Src/stm32wlxx_hal_dma.o
 .text.DMA_CalcDMAMUXRequestGenBaseAndMask
                0x0000000008003c78       0x48 ./Drivers/STM32WLxx_HAL_Driver/Src/stm32wlxx_hal_dma.o
 .text.HAL_GPIO_Init
                0x0000000008003cc0      0x2c0 ./Drivers/STM32WLxx_HAL_Driver/Src/stm32wlxx_hal_gpio.o
                0x0000000008003cc0                HAL_GPIO_Init
 .text.HAL_GPIO_WritePin
                0x0000000008003f80       0x2e ./Drivers/STM32WLxx_HAL_Driver/Src/stm32wlxx_hal_gpio.o
                0x0000000008003f80                HAL_GPIO_WritePin
 *fill*         0x0000000008003fae        0x2 
 .text.HAL_PWR_EnableBkUpAccess
                0x0000000008003fb0       0x1c ./Drivers/STM32WLxx_HAL_Driver/Src/stm32wlxx_hal_pwr.o
                0x0000000008003fb0                HAL_PWR_EnableBkUpAccess
 .text.HAL_PWREx_GetVoltageRange
                0x0000000008003fcc       0x18 ./Drivers/STM32WLxx_HAL_Driver/Src/stm32wlxx_hal_pwr_ex.o
                0x0000000008003fcc                HAL_PWREx_GetVoltageRange
 .text.LL_PWR_IsEnabledBkUpAccess
                0x0000000008003fe4       0x24 ./Drivers/STM32WLxx_HAL_Driver/Src/stm32wlxx_hal_rcc.o
 .text.LL_RCC_HSE_EnableTcxo
                0x0000000008004008       0x1c ./Drivers/STM32WLxx_HAL_Driver/Src/stm32wlxx_hal_rcc.o
 .text.LL_RCC_HSE_DisableTcxo
                0x0000000008004024       0x1c ./Drivers/STM32WLxx_HAL_Driver/Src/stm32wlxx_hal_rcc.o
 .text.LL_RCC_HSE_IsEnabledDiv2
                0x0000000008004040       0x22 ./Drivers/STM32WLxx_HAL_Driver/Src/stm32wlxx_hal_rcc.o
 .text.LL_RCC_HSE_Enable
                0x0000000008004062       0x1c ./Drivers/STM32WLxx_HAL_Driver/Src/stm32wlxx_hal_rcc.o
 .text.LL_RCC_HSE_Disable
                0x000000000800407e       0x1c ./Drivers/STM32WLxx_HAL_Driver/Src/stm32wlxx_hal_rcc.o
 .text.LL_RCC_HSE_IsReady
                0x000000000800409a       0x22 ./Drivers/STM32WLxx_HAL_Driver/Src/stm32wlxx_hal_rcc.o
 .text.LL_RCC_HSI_Enable
                0x00000000080040bc       0x1c ./Drivers/STM32WLxx_HAL_Driver/Src/stm32wlxx_hal_rcc.o
 .text.LL_RCC_HSI_Disable
                0x00000000080040d8       0x1c ./Drivers/STM32WLxx_HAL_Driver/Src/stm32wlxx_hal_rcc.o
 .text.LL_RCC_HSI_IsReady
                0x00000000080040f4       0x22 ./Drivers/STM32WLxx_HAL_Driver/Src/stm32wlxx_hal_rcc.o
 .text.LL_RCC_HSI_SetCalibTrimming
                0x0000000008004116       0x28 ./Drivers/STM32WLxx_HAL_Driver/Src/stm32wlxx_hal_rcc.o
 .text.LL_RCC_LSE_IsReady
                0x000000000800413e       0x22 ./Drivers/STM32WLxx_HAL_Driver/Src/stm32wlxx_hal_rcc.o
 .text.LL_RCC_LSI_Enable
                0x0000000008004160       0x20 ./Drivers/STM32WLxx_HAL_Driver/Src/stm32wlxx_hal_rcc.o
 .text.LL_RCC_LSI_Disable
                0x0000000008004180       0x20 ./Drivers/STM32WLxx_HAL_Driver/Src/stm32wlxx_hal_rcc.o
 .text.LL_RCC_LSI_IsReady
                0x00000000080041a0       0x22 ./Drivers/STM32WLxx_HAL_Driver/Src/stm32wlxx_hal_rcc.o
 .text.LL_RCC_MSI_Enable
                0x00000000080041c2       0x1c ./Drivers/STM32WLxx_HAL_Driver/Src/stm32wlxx_hal_rcc.o
 .text.LL_RCC_MSI_Disable
                0x00000000080041de       0x1c ./Drivers/STM32WLxx_HAL_Driver/Src/stm32wlxx_hal_rcc.o
 .text.LL_RCC_MSI_IsReady
                0x00000000080041fa       0x20 ./Drivers/STM32WLxx_HAL_Driver/Src/stm32wlxx_hal_rcc.o
 .text.LL_RCC_MSI_IsEnabledRangeSelect
                0x000000000800421a       0x20 ./Drivers/STM32WLxx_HAL_Driver/Src/stm32wlxx_hal_rcc.o
 .text.LL_RCC_MSI_GetRange
                0x000000000800423a       0x16 ./Drivers/STM32WLxx_HAL_Driver/Src/stm32wlxx_hal_rcc.o
 .text.LL_RCC_MSI_GetRangeAfterStandby
                0x0000000008004250       0x18 ./Drivers/STM32WLxx_HAL_Driver/Src/stm32wlxx_hal_rcc.o
 .text.LL_RCC_MSI_SetCalibTrimming
                0x0000000008004268       0x28 ./Drivers/STM32WLxx_HAL_Driver/Src/stm32wlxx_hal_rcc.o
 .text.LL_RCC_SetSysClkSource
                0x0000000008004290       0x26 ./Drivers/STM32WLxx_HAL_Driver/Src/stm32wlxx_hal_rcc.o
 .text.LL_RCC_GetSysClkSource
                0x00000000080042b6       0x16 ./Drivers/STM32WLxx_HAL_Driver/Src/stm32wlxx_hal_rcc.o
 .text.LL_RCC_SetAHBPrescaler
                0x00000000080042cc       0x26 ./Drivers/STM32WLxx_HAL_Driver/Src/stm32wlxx_hal_rcc.o
 .text.LL_C2_RCC_SetAHBPrescaler
                0x00000000080042f2       0x2a ./Drivers/STM32WLxx_HAL_Driver/Src/stm32wlxx_hal_rcc.o
 .text.LL_RCC_SetAHB3Prescaler
                0x000000000800431c       0x2c ./Drivers/STM32WLxx_HAL_Driver/Src/stm32wlxx_hal_rcc.o
 .text.LL_RCC_SetAPB1Prescaler
                0x0000000008004348       0x26 ./Drivers/STM32WLxx_HAL_Driver/Src/stm32wlxx_hal_rcc.o
 .text.LL_RCC_SetAPB2Prescaler
                0x000000000800436e       0x26 ./Drivers/STM32WLxx_HAL_Driver/Src/stm32wlxx_hal_rcc.o
 .text.LL_RCC_GetAHBPrescaler
                0x0000000008004394       0x16 ./Drivers/STM32WLxx_HAL_Driver/Src/stm32wlxx_hal_rcc.o
 .text.LL_RCC_GetAHB3Prescaler
                0x00000000080043aa       0x1a ./Drivers/STM32WLxx_HAL_Driver/Src/stm32wlxx_hal_rcc.o
 .text.LL_RCC_GetAPB1Prescaler
                0x00000000080043c4       0x16 ./Drivers/STM32WLxx_HAL_Driver/Src/stm32wlxx_hal_rcc.o
 .text.LL_RCC_GetAPB2Prescaler
                0x00000000080043da       0x16 ./Drivers/STM32WLxx_HAL_Driver/Src/stm32wlxx_hal_rcc.o
 .text.LL_RCC_PLL_Enable
                0x00000000080043f0       0x1c ./Drivers/STM32WLxx_HAL_Driver/Src/stm32wlxx_hal_rcc.o
 .text.LL_RCC_PLL_Disable
                0x000000000800440c       0x1c ./Drivers/STM32WLxx_HAL_Driver/Src/stm32wlxx_hal_rcc.o
 .text.LL_RCC_PLL_IsReady
                0x0000000008004428       0x22 ./Drivers/STM32WLxx_HAL_Driver/Src/stm32wlxx_hal_rcc.o
 .text.LL_RCC_PLL_GetN
                0x000000000800444a       0x18 ./Drivers/STM32WLxx_HAL_Driver/Src/stm32wlxx_hal_rcc.o
 .text.LL_RCC_PLL_GetR
                0x0000000008004462       0x16 ./Drivers/STM32WLxx_HAL_Driver/Src/stm32wlxx_hal_rcc.o
 .text.LL_RCC_PLL_GetDivider
                0x0000000008004478       0x16 ./Drivers/STM32WLxx_HAL_Driver/Src/stm32wlxx_hal_rcc.o
 .text.LL_RCC_PLL_GetMainSource
                0x000000000800448e       0x16 ./Drivers/STM32WLxx_HAL_Driver/Src/stm32wlxx_hal_rcc.o
 .text.LL_RCC_IsActiveFlag_HPRE
                0x00000000080044a4       0x22 ./Drivers/STM32WLxx_HAL_Driver/Src/stm32wlxx_hal_rcc.o
 .text.LL_RCC_IsActiveFlag_C2HPRE
                0x00000000080044c6       0x24 ./Drivers/STM32WLxx_HAL_Driver/Src/stm32wlxx_hal_rcc.o
 .text.LL_RCC_IsActiveFlag_SHDHPRE
                0x00000000080044ea       0x24 ./Drivers/STM32WLxx_HAL_Driver/Src/stm32wlxx_hal_rcc.o
 .text.LL_RCC_IsActiveFlag_PPRE1
                0x000000000800450e       0x22 ./Drivers/STM32WLxx_HAL_Driver/Src/stm32wlxx_hal_rcc.o
 .text.LL_RCC_IsActiveFlag_PPRE2
                0x0000000008004530       0x22 ./Drivers/STM32WLxx_HAL_Driver/Src/stm32wlxx_hal_rcc.o
 *fill*         0x0000000008004552        0x2 
 .text.HAL_RCC_OscConfig
                0x0000000008004554      0x704 ./Drivers/STM32WLxx_HAL_Driver/Src/stm32wlxx_hal_rcc.o
                0x0000000008004554                HAL_RCC_OscConfig
 .text.HAL_RCC_ClockConfig
                0x0000000008004c58      0x284 ./Drivers/STM32WLxx_HAL_Driver/Src/stm32wlxx_hal_rcc.o
                0x0000000008004c58                HAL_RCC_ClockConfig
 .text.HAL_RCC_GetSysClockFreq
                0x0000000008004edc      0x140 ./Drivers/STM32WLxx_HAL_Driver/Src/stm32wlxx_hal_rcc.o
                0x0000000008004edc                HAL_RCC_GetSysClockFreq
 .text.HAL_RCC_GetHCLKFreq
                0x000000000800501c       0x28 ./Drivers/STM32WLxx_HAL_Driver/Src/stm32wlxx_hal_rcc.o
                0x000000000800501c                HAL_RCC_GetHCLKFreq
 .text.HAL_RCC_GetPCLK1Freq
                0x0000000008005044       0x24 ./Drivers/STM32WLxx_HAL_Driver/Src/stm32wlxx_hal_rcc.o
                0x0000000008005044                HAL_RCC_GetPCLK1Freq
 .text.HAL_RCC_GetPCLK2Freq
                0x0000000008005068       0x24 ./Drivers/STM32WLxx_HAL_Driver/Src/stm32wlxx_hal_rcc.o
                0x0000000008005068                HAL_RCC_GetPCLK2Freq
 .text.RCC_SetFlashLatencyFromMSIRange
                0x000000000800508c       0x60 ./Drivers/STM32WLxx_HAL_Driver/Src/stm32wlxx_hal_rcc.o
 .text.RCC_SetFlashLatency
                0x00000000080050ec      0x104 ./Drivers/STM32WLxx_HAL_Driver/Src/stm32wlxx_hal_rcc.o
 .text.LL_RCC_LSE_IsReady
                0x00000000080051f0       0x22 ./Drivers/STM32WLxx_HAL_Driver/Src/stm32wlxx_hal_rcc_ex.o
 .text.LL_RCC_SetUSARTClockSource
                0x0000000008005212       0x30 ./Drivers/STM32WLxx_HAL_Driver/Src/stm32wlxx_hal_rcc_ex.o
 .text.LL_RCC_SetI2SClockSource
                0x0000000008005242       0x2a ./Drivers/STM32WLxx_HAL_Driver/Src/stm32wlxx_hal_rcc_ex.o
 .text.LL_RCC_SetLPUARTClockSource
                0x000000000800526c       0x2a ./Drivers/STM32WLxx_HAL_Driver/Src/stm32wlxx_hal_rcc_ex.o
 .text.LL_RCC_SetI2CClockSource
                0x0000000008005296       0x38 ./Drivers/STM32WLxx_HAL_Driver/Src/stm32wlxx_hal_rcc_ex.o
 .text.LL_RCC_SetLPTIMClockSource
                0x00000000080052ce       0x32 ./Drivers/STM32WLxx_HAL_Driver/Src/stm32wlxx_hal_rcc_ex.o
 .text.LL_RCC_SetRNGClockSource
                0x0000000008005300       0x2a ./Drivers/STM32WLxx_HAL_Driver/Src/stm32wlxx_hal_rcc_ex.o
 .text.LL_RCC_SetADCClockSource
                0x000000000800532a       0x2a ./Drivers/STM32WLxx_HAL_Driver/Src/stm32wlxx_hal_rcc_ex.o
 .text.LL_RCC_SetRTCClockSource
                0x0000000008005354       0x2a ./Drivers/STM32WLxx_HAL_Driver/Src/stm32wlxx_hal_rcc_ex.o
 .text.LL_RCC_GetRTCClockSource
                0x000000000800537e       0x18 ./Drivers/STM32WLxx_HAL_Driver/Src/stm32wlxx_hal_rcc_ex.o
 .text.LL_RCC_ForceBackupDomainReset
                0x0000000008005396       0x20 ./Drivers/STM32WLxx_HAL_Driver/Src/stm32wlxx_hal_rcc_ex.o
 .text.LL_RCC_ReleaseBackupDomainReset
                0x00000000080053b6       0x20 ./Drivers/STM32WLxx_HAL_Driver/Src/stm32wlxx_hal_rcc_ex.o
 *fill*         0x00000000080053d6        0x2 
 .text.HAL_RCCEx_PeriphCLKConfig
                0x00000000080053d8      0x234 ./Drivers/STM32WLxx_HAL_Driver/Src/stm32wlxx_hal_rcc_ex.o
                0x00000000080053d8                HAL_RCCEx_PeriphCLKConfig
 .text.LL_PWR_SetRadioBusyTrigger
                0x000000000800560c       0x28 ./Drivers/STM32WLxx_HAL_Driver/Src/stm32wlxx_hal_subghz.o
 .text.LL_PWR_UnselectSUBGHZSPI_NSS
                0x0000000008005634       0x20 ./Drivers/STM32WLxx_HAL_Driver/Src/stm32wlxx_hal_subghz.o
 .text.LL_PWR_SelectSUBGHZSPI_NSS
                0x0000000008005654       0x20 ./Drivers/STM32WLxx_HAL_Driver/Src/stm32wlxx_hal_subghz.o
 .text.LL_PWR_ClearFlag_RFBUSY
                0x0000000008005674       0x18 ./Drivers/STM32WLxx_HAL_Driver/Src/stm32wlxx_hal_subghz.o
 .text.LL_PWR_IsActiveFlag_RFBUSYS
                0x000000000800568c       0x24 ./Drivers/STM32WLxx_HAL_Driver/Src/stm32wlxx_hal_subghz.o
 .text.LL_PWR_IsActiveFlag_RFBUSYMS
                0x00000000080056b0       0x24 ./Drivers/STM32WLxx_HAL_Driver/Src/stm32wlxx_hal_subghz.o
 .text.LL_RCC_RF_DisableReset
                0x00000000080056d4       0x20 ./Drivers/STM32WLxx_HAL_Driver/Src/stm32wlxx_hal_subghz.o
 .text.LL_RCC_IsRFUnderReset
                0x00000000080056f4       0x24 ./Drivers/STM32WLxx_HAL_Driver/Src/stm32wlxx_hal_subghz.o
 .text.LL_EXTI_EnableIT_32_63
                0x0000000008005718       0x28 ./Drivers/STM32WLxx_HAL_Driver/Src/stm32wlxx_hal_subghz.o
 .text.HAL_SUBGHZ_Init
                0x0000000008005740       0xc8 ./Drivers/STM32WLxx_HAL_Driver/Src/stm32wlxx_hal_subghz.o
                0x0000000008005740                HAL_SUBGHZ_Init
 .text.HAL_SUBGHZ_WriteRegisters
                0x0000000008005808       0xbe ./Drivers/STM32WLxx_HAL_Driver/Src/stm32wlxx_hal_subghz.o
                0x0000000008005808                HAL_SUBGHZ_WriteRegisters
 .text.HAL_SUBGHZ_ReadRegisters
                0x00000000080058c6       0xc2 ./Drivers/STM32WLxx_HAL_Driver/Src/stm32wlxx_hal_subghz.o
                0x00000000080058c6                HAL_SUBGHZ_ReadRegisters
 .text.HAL_SUBGHZ_ExecSetCmd
                0x0000000008005988       0xbe ./Drivers/STM32WLxx_HAL_Driver/Src/stm32wlxx_hal_subghz.o
                0x0000000008005988                HAL_SUBGHZ_ExecSetCmd
 .text.HAL_SUBGHZ_ExecGetCmd
                0x0000000008005a46       0xa8 ./Drivers/STM32WLxx_HAL_Driver/Src/stm32wlxx_hal_subghz.o
                0x0000000008005a46                HAL_SUBGHZ_ExecGetCmd
 .text.HAL_SUBGHZ_WriteBuffer
                0x0000000008005aee       0xa6 ./Drivers/STM32WLxx_HAL_Driver/Src/stm32wlxx_hal_subghz.o
                0x0000000008005aee                HAL_SUBGHZ_WriteBuffer
 .text.HAL_SUBGHZ_ReadBuffer
                0x0000000008005b94       0xb0 ./Drivers/STM32WLxx_HAL_Driver/Src/stm32wlxx_hal_subghz.o
                0x0000000008005b94                HAL_SUBGHZ_ReadBuffer
 .text.HAL_SUBGHZ_IRQHandler
                0x0000000008005c44       0xfa ./Drivers/STM32WLxx_HAL_Driver/Src/stm32wlxx_hal_subghz.o
                0x0000000008005c44                HAL_SUBGHZ_IRQHandler
 *fill*         0x0000000008005d3e        0x2 
 .text.SUBGHZSPI_Init
                0x0000000008005d40       0x40 ./Drivers/STM32WLxx_HAL_Driver/Src/stm32wlxx_hal_subghz.o
                0x0000000008005d40                SUBGHZSPI_Init
 .text.SUBGHZSPI_Transmit
                0x0000000008005d80       0xac ./Drivers/STM32WLxx_HAL_Driver/Src/stm32wlxx_hal_subghz.o
                0x0000000008005d80                SUBGHZSPI_Transmit
 .text.SUBGHZSPI_Receive
                0x0000000008005e2c       0xb0 ./Drivers/STM32WLxx_HAL_Driver/Src/stm32wlxx_hal_subghz.o
                0x0000000008005e2c                SUBGHZSPI_Receive
 .text.SUBGHZ_CheckDeviceReady
                0x0000000008005edc       0x48 ./Drivers/STM32WLxx_HAL_Driver/Src/stm32wlxx_hal_subghz.o
                0x0000000008005edc                SUBGHZ_CheckDeviceReady
 .text.SUBGHZ_WaitOnBusy
                0x0000000008005f24       0x5c ./Drivers/STM32WLxx_HAL_Driver/Src/stm32wlxx_hal_subghz.o
                0x0000000008005f24                SUBGHZ_WaitOnBusy
 .text.HAL_TIM_Base_Init
                0x0000000008005f80       0xae ./Drivers/STM32WLxx_HAL_Driver/Src/stm32wlxx_hal_tim.o
                0x0000000008005f80                HAL_TIM_Base_Init
 *fill*         0x000000000800602e        0x2 
 .text.HAL_TIM_Base_Start
                0x0000000008006030       0x88 ./Drivers/STM32WLxx_HAL_Driver/Src/stm32wlxx_hal_tim.o
                0x0000000008006030                HAL_TIM_Base_Start
 .text.HAL_TIM_ConfigClockSource
                0x00000000080060b8      0x192 ./Drivers/STM32WLxx_HAL_Driver/Src/stm32wlxx_hal_tim.o
                0x00000000080060b8                HAL_TIM_ConfigClockSource
 *fill*         0x000000000800624a        0x2 
 .text.TIM_Base_SetConfig
                0x000000000800624c       0xc4 ./Drivers/STM32WLxx_HAL_Driver/Src/stm32wlxx_hal_tim.o
                0x000000000800624c                TIM_Base_SetConfig
 .text.TIM_TI1_ConfigInputStage
                0x0000000008006310       0x5c ./Drivers/STM32WLxx_HAL_Driver/Src/stm32wlxx_hal_tim.o
 .text.TIM_TI2_ConfigInputStage
                0x000000000800636c       0x5e ./Drivers/STM32WLxx_HAL_Driver/Src/stm32wlxx_hal_tim.o
 .text.TIM_ITRx_SetConfig
                0x00000000080063ca       0x38 ./Drivers/STM32WLxx_HAL_Driver/Src/stm32wlxx_hal_tim.o
 .text.TIM_ETR_SetConfig
                0x0000000008006402       0x3e ./Drivers/STM32WLxx_HAL_Driver/Src/stm32wlxx_hal_tim.o
                0x0000000008006402                TIM_ETR_SetConfig
 .text.HAL_TIMEx_MasterConfigSynchronization
                0x0000000008006440       0xbc ./Drivers/STM32WLxx_HAL_Driver/Src/stm32wlxx_hal_tim_ex.o
                0x0000000008006440                HAL_TIMEx_MasterConfigSynchronization
 .text.LL_RCC_GetUSARTClockSource
                0x00000000080064fc       0x24 ./Drivers/STM32WLxx_HAL_Driver/Src/stm32wlxx_hal_uart.o
 .text.LL_RCC_GetLPUARTClockSource
                0x0000000008006520       0x1e ./Drivers/STM32WLxx_HAL_Driver/Src/stm32wlxx_hal_uart.o
 .text.HAL_UART_Init
                0x000000000800653e       0xa0 ./Drivers/STM32WLxx_HAL_Driver/Src/stm32wlxx_hal_uart.o
                0x000000000800653e                HAL_UART_Init
 .text.HAL_UART_Transmit
                0x00000000080065de      0x10c ./Drivers/STM32WLxx_HAL_Driver/Src/stm32wlxx_hal_uart.o
                0x00000000080065de                HAL_UART_Transmit
 .text.HAL_UART_Receive
                0x00000000080066ea      0x188 ./Drivers/STM32WLxx_HAL_Driver/Src/stm32wlxx_hal_uart.o
                0x00000000080066ea                HAL_UART_Receive
 *fill*         0x0000000008006872        0x2 
 .text.HAL_UART_Receive_DMA
                0x0000000008006874       0x98 ./Drivers/STM32WLxx_HAL_Driver/Src/stm32wlxx_hal_uart.o
                0x0000000008006874                HAL_UART_Receive_DMA
 .text.HAL_UART_IRQHandler
                0x000000000800690c      0x648 ./Drivers/STM32WLxx_HAL_Driver/Src/stm32wlxx_hal_uart.o
                0x000000000800690c                HAL_UART_IRQHandler
 .text.HAL_UART_TxCpltCallback
                0x0000000008006f54       0x12 ./Drivers/STM32WLxx_HAL_Driver/Src/stm32wlxx_hal_uart.o
                0x0000000008006f54                HAL_UART_TxCpltCallback
 .text.HAL_UART_RxHalfCpltCallback
                0x0000000008006f66       0x12 ./Drivers/STM32WLxx_HAL_Driver/Src/stm32wlxx_hal_uart.o
                0x0000000008006f66                HAL_UART_RxHalfCpltCallback
 .text.HAL_UART_ErrorCallback
                0x0000000008006f78       0x12 ./Drivers/STM32WLxx_HAL_Driver/Src/stm32wlxx_hal_uart.o
                0x0000000008006f78                HAL_UART_ErrorCallback
 .text.HAL_UARTEx_RxEventCallback
                0x0000000008006f8a       0x16 ./Drivers/STM32WLxx_HAL_Driver/Src/stm32wlxx_hal_uart.o
                0x0000000008006f8a                HAL_UARTEx_RxEventCallback
 .text.UART_SetConfig
                0x0000000008006fa0      0x4e8 ./Drivers/STM32WLxx_HAL_Driver/Src/stm32wlxx_hal_uart.o
                0x0000000008006fa0                UART_SetConfig
 .text.UART_AdvFeatureConfig
                0x0000000008007488      0x142 ./Drivers/STM32WLxx_HAL_Driver/Src/stm32wlxx_hal_uart.o
                0x0000000008007488                UART_AdvFeatureConfig
 .text.UART_CheckIdleState
                0x00000000080075ca       0x9c ./Drivers/STM32WLxx_HAL_Driver/Src/stm32wlxx_hal_uart.o
                0x00000000080075ca                UART_CheckIdleState
 .text.UART_WaitOnFlagUntilTimeout
                0x0000000008007666      0x190 ./Drivers/STM32WLxx_HAL_Driver/Src/stm32wlxx_hal_uart.o
                0x0000000008007666                UART_WaitOnFlagUntilTimeout
 *fill*         0x00000000080077f6        0x2 
 .text.UART_Start_Receive_DMA
                0x00000000080077f8      0x14c ./Drivers/STM32WLxx_HAL_Driver/Src/stm32wlxx_hal_uart.o
                0x00000000080077f8                UART_Start_Receive_DMA
 .text.UART_EndTxTransfer
                0x0000000008007944       0x80 ./Drivers/STM32WLxx_HAL_Driver/Src/stm32wlxx_hal_uart.o
 .text.UART_EndRxTransfer
                0x00000000080079c4       0xca ./Drivers/STM32WLxx_HAL_Driver/Src/stm32wlxx_hal_uart.o
 .text.UART_DMAReceiveCplt
                0x0000000008007a8e      0x12c ./Drivers/STM32WLxx_HAL_Driver/Src/stm32wlxx_hal_uart.o
 .text.UART_DMARxHalfCplt
                0x0000000008007bba       0x3e ./Drivers/STM32WLxx_HAL_Driver/Src/stm32wlxx_hal_uart.o
 .text.UART_DMAError
                0x0000000008007bf8       0x80 ./Drivers/STM32WLxx_HAL_Driver/Src/stm32wlxx_hal_uart.o
 .text.UART_DMAAbortOnError
                0x0000000008007c78       0x2c ./Drivers/STM32WLxx_HAL_Driver/Src/stm32wlxx_hal_uart.o
 .text.UART_EndTransmit_IT
                0x0000000008007ca4       0x56 ./Drivers/STM32WLxx_HAL_Driver/Src/stm32wlxx_hal_uart.o
 .text.HAL_UARTEx_WakeupCallback
                0x0000000008007cfa       0x12 ./Drivers/STM32WLxx_HAL_Driver/Src/stm32wlxx_hal_uart_ex.o
                0x0000000008007cfa                HAL_UARTEx_WakeupCallback
 .text.HAL_UARTEx_RxFifoFullCallback
                0x0000000008007d0c       0x12 ./Drivers/STM32WLxx_HAL_Driver/Src/stm32wlxx_hal_uart_ex.o
                0x0000000008007d0c                HAL_UARTEx_RxFifoFullCallback
 .text.HAL_UARTEx_TxFifoEmptyCallback
                0x0000000008007d1e       0x12 ./Drivers/STM32WLxx_HAL_Driver/Src/stm32wlxx_hal_uart_ex.o
                0x0000000008007d1e                HAL_UARTEx_TxFifoEmptyCallback
 .text.HAL_UARTEx_DisableFifoMode
                0x0000000008007d30       0x70 ./Drivers/STM32WLxx_HAL_Driver/Src/stm32wlxx_hal_uart_ex.o
                0x0000000008007d30                HAL_UARTEx_DisableFifoMode
 .text.HAL_UARTEx_SetTxFifoThreshold
                0x0000000008007da0       0x7c ./Drivers/STM32WLxx_HAL_Driver/Src/stm32wlxx_hal_uart_ex.o
                0x0000000008007da0                HAL_UARTEx_SetTxFifoThreshold
 .text.HAL_UARTEx_SetRxFifoThreshold
                0x0000000008007e1c       0x7c ./Drivers/STM32WLxx_HAL_Driver/Src/stm32wlxx_hal_uart_ex.o
                0x0000000008007e1c                HAL_UARTEx_SetRxFifoThreshold
 .text.UARTEx_SetNbDataToProcess
                0x0000000008007e98       0x98 ./Drivers/STM32WLxx_HAL_Driver/Src/stm32wlxx_hal_uart_ex.o
 .text.RadioInit
                0x0000000008007f30       0xb8 ./Middlewares/Third_Party/SubGHz_Phy/stm32_radio_driver/radio.o
 .text.RadioGetStatus
                0x0000000008007fe8       0x2e ./Middlewares/Third_Party/SubGHz_Phy/stm32_radio_driver/radio.o
 *fill*         0x0000000008008016        0x2 
 .text.RadioSetModem
                0x0000000008008018       0xb8 ./Middlewares/Third_Party/SubGHz_Phy/stm32_radio_driver/radio.o
 .text.RadioSetChannel
                0x00000000080080d0       0x16 ./Middlewares/Third_Party/SubGHz_Phy/stm32_radio_driver/radio.o
 .text.RadioIsChannelFree
                0x00000000080080e6       0xb4 ./Middlewares/Third_Party/SubGHz_Phy/stm32_radio_driver/radio.o
 .text.RadioRandom
                0x000000000800819a       0x26 ./Middlewares/Third_Party/SubGHz_Phy/stm32_radio_driver/radio.o
 .text.RadioSetRxConfig
                0x00000000080081c0      0x418 ./Middlewares/Third_Party/SubGHz_Phy/stm32_radio_driver/radio.o
 .text.RadioSetTxConfig
                0x00000000080085d8      0x224 ./Middlewares/Third_Party/SubGHz_Phy/stm32_radio_driver/radio.o
 .text.RadioCheckRfFrequency
                0x00000000080087fc       0x14 ./Middlewares/Third_Party/SubGHz_Phy/stm32_radio_driver/radio.o
 .text.RadioGetLoRaBandwidthInHz
                0x0000000008008810       0xac ./Middlewares/Third_Party/SubGHz_Phy/stm32_radio_driver/radio.o
 .text.RadioGetGfskTimeOnAirNumerator
                0x00000000080088bc       0x54 ./Middlewares/Third_Party/SubGHz_Phy/stm32_radio_driver/radio.o
 .text.RadioGetLoRaTimeOnAirNumerator
                0x0000000008008910      0x102 ./Middlewares/Third_Party/SubGHz_Phy/stm32_radio_driver/radio.o
 *fill*         0x0000000008008a12        0x2 
 .text.RadioTimeOnAir
                0x0000000008008a14       0xb0 ./Middlewares/Third_Party/SubGHz_Phy/stm32_radio_driver/radio.o
 .text.RadioSend
                0x0000000008008ac4      0x1f0 ./Middlewares/Third_Party/SubGHz_Phy/stm32_radio_driver/radio.o
 .text.RadioSleep
                0x0000000008008cb4       0x26 ./Middlewares/Third_Party/SubGHz_Phy/stm32_radio_driver/radio.o
 .text.RadioStandby
                0x0000000008008cda        0xe ./Middlewares/Third_Party/SubGHz_Phy/stm32_radio_driver/radio.o
 .text.RadioRx  0x0000000008008ce8       0x80 ./Middlewares/Third_Party/SubGHz_Phy/stm32_radio_driver/radio.o
 .text.RadioRxBoosted
                0x0000000008008d68       0x80 ./Middlewares/Third_Party/SubGHz_Phy/stm32_radio_driver/radio.o
 .text.RadioSetRxDutyCycle
                0x0000000008008de8       0x48 ./Middlewares/Third_Party/SubGHz_Phy/stm32_radio_driver/radio.o
 .text.RadioStartCad
                0x0000000008008e30       0x30 ./Middlewares/Third_Party/SubGHz_Phy/stm32_radio_driver/radio.o
 .text.RadioSetTxContinuousWave
                0x0000000008008e60       0x64 ./Middlewares/Third_Party/SubGHz_Phy/stm32_radio_driver/radio.o
 .text.RadioRssi
                0x0000000008008ec4       0x1a ./Middlewares/Third_Party/SubGHz_Phy/stm32_radio_driver/radio.o
 .text.RadioWrite
                0x0000000008008ede       0x24 ./Middlewares/Third_Party/SubGHz_Phy/stm32_radio_driver/radio.o
 .text.RadioRead
                0x0000000008008f02       0x1c ./Middlewares/Third_Party/SubGHz_Phy/stm32_radio_driver/radio.o
 .text.RadioWriteRegisters
                0x0000000008008f1e       0x26 ./Middlewares/Third_Party/SubGHz_Phy/stm32_radio_driver/radio.o
 .text.RadioReadRegisters
                0x0000000008008f44       0x26 ./Middlewares/Third_Party/SubGHz_Phy/stm32_radio_driver/radio.o
 *fill*         0x0000000008008f6a        0x2 
 .text.RadioSetMaxPayloadLength
                0x0000000008008f6c       0x5c ./Middlewares/Third_Party/SubGHz_Phy/stm32_radio_driver/radio.o
 .text.RadioSetPublicNetwork
                0x0000000008008fc8       0x5c ./Middlewares/Third_Party/SubGHz_Phy/stm32_radio_driver/radio.o
 .text.RadioGetWakeupTime
                0x0000000008009024       0x10 ./Middlewares/Third_Party/SubGHz_Phy/stm32_radio_driver/radio.o
 .text.RadioOnTxTimeoutIrq
                0x0000000008009034       0x14 ./Middlewares/Third_Party/SubGHz_Phy/stm32_radio_driver/radio.o
 .text.RadioOnRxTimeoutIrq
                0x0000000008009048       0x14 ./Middlewares/Third_Party/SubGHz_Phy/stm32_radio_driver/radio.o
 .text.RadioOnTxTimeoutProcess
                0x000000000800905c       0x28 ./Middlewares/Third_Party/SubGHz_Phy/stm32_radio_driver/radio.o
 .text.RadioOnRxTimeoutProcess
                0x0000000008009084       0x28 ./Middlewares/Third_Party/SubGHz_Phy/stm32_radio_driver/radio.o
 .text.RadioOnDioIrq
                0x00000000080090ac       0x24 ./Middlewares/Third_Party/SubGHz_Phy/stm32_radio_driver/radio.o
 .text.RadioIrqProcess
                0x00000000080090d0      0x3e8 ./Middlewares/Third_Party/SubGHz_Phy/stm32_radio_driver/radio.o
 .text.RadioTxPrbs
                0x00000000080094b8       0x38 ./Middlewares/Third_Party/SubGHz_Phy/stm32_radio_driver/radio.o
 .text.RadioTxCw
                0x00000000080094f0       0x38 ./Middlewares/Third_Party/SubGHz_Phy/stm32_radio_driver/radio.o
 .text.payload_integration
                0x0000000008009528      0x120 ./Middlewares/Third_Party/SubGHz_Phy/stm32_radio_driver/radio.o
 .text.RadioSetRxGenericConfig
                0x0000000008009648      0x388 ./Middlewares/Third_Party/SubGHz_Phy/stm32_radio_driver/radio.o
 .text.RadioSetTxGenericConfig
                0x00000000080099d0      0x46c ./Middlewares/Third_Party/SubGHz_Phy/stm32_radio_driver/radio.o
 .text.RadioLrFhssSetCfg
                0x0000000008009e3c       0x18 ./Middlewares/Third_Party/SubGHz_Phy/stm32_radio_driver/radio.o
 .text.RadioLrFhssGetTimeOnAirInMs
                0x0000000008009e54       0x16 ./Middlewares/Third_Party/SubGHz_Phy/stm32_radio_driver/radio.o
 *fill*         0x0000000008009e6a        0x2 
 .text.SUBGRF_Init
                0x0000000008009e6c       0x90 ./Middlewares/Third_Party/SubGHz_Phy/stm32_radio_driver/radio_driver.o
                0x0000000008009e6c                SUBGRF_Init
 .text.SUBGRF_GetOperatingMode
                0x0000000008009efc       0x14 ./Middlewares/Third_Party/SubGHz_Phy/stm32_radio_driver/radio_driver.o
                0x0000000008009efc                SUBGRF_GetOperatingMode
 .text.SUBGRF_SetPayload
                0x0000000008009f10       0x20 ./Middlewares/Third_Party/SubGHz_Phy/stm32_radio_driver/radio_driver.o
                0x0000000008009f10                SUBGRF_SetPayload
 .text.SUBGRF_GetPayload
                0x0000000008009f30       0x44 ./Middlewares/Third_Party/SubGHz_Phy/stm32_radio_driver/radio_driver.o
                0x0000000008009f30                SUBGRF_GetPayload
 .text.SUBGRF_SendPayload
                0x0000000008009f74       0x26 ./Middlewares/Third_Party/SubGHz_Phy/stm32_radio_driver/radio_driver.o
                0x0000000008009f74                SUBGRF_SendPayload
 .text.SUBGRF_SetSyncWord
                0x0000000008009f9a       0x1e ./Middlewares/Third_Party/SubGHz_Phy/stm32_radio_driver/radio_driver.o
                0x0000000008009f9a                SUBGRF_SetSyncWord
 .text.SUBGRF_SetCrcSeed
                0x0000000008009fb8       0x40 ./Middlewares/Third_Party/SubGHz_Phy/stm32_radio_driver/radio_driver.o
                0x0000000008009fb8                SUBGRF_SetCrcSeed
 .text.SUBGRF_SetCrcPolynomial
                0x0000000008009ff8       0x40 ./Middlewares/Third_Party/SubGHz_Phy/stm32_radio_driver/radio_driver.o
                0x0000000008009ff8                SUBGRF_SetCrcPolynomial
 .text.SUBGRF_SetWhiteningSeed
                0x000000000800a038       0x66 ./Middlewares/Third_Party/SubGHz_Phy/stm32_radio_driver/radio_driver.o
                0x000000000800a038                SUBGRF_SetWhiteningSeed
 .text.SUBGRF_GetRandom
                0x000000000800a09e       0x8c ./Middlewares/Third_Party/SubGHz_Phy/stm32_radio_driver/radio_driver.o
                0x000000000800a09e                SUBGRF_GetRandom
 *fill*         0x000000000800a12a        0x2 
 .text.SUBGRF_SetSleep
                0x000000000800a12c       0x64 ./Middlewares/Third_Party/SubGHz_Phy/stm32_radio_driver/radio_driver.o
                0x000000000800a12c                SUBGRF_SetSleep
 .text.SUBGRF_SetStandby
                0x000000000800a190       0x38 ./Middlewares/Third_Party/SubGHz_Phy/stm32_radio_driver/radio_driver.o
                0x000000000800a190                SUBGRF_SetStandby
 .text.SUBGRF_SetTx
                0x000000000800a1c8       0x40 ./Middlewares/Third_Party/SubGHz_Phy/stm32_radio_driver/radio_driver.o
                0x000000000800a1c8                SUBGRF_SetTx
 .text.SUBGRF_SetRx
                0x000000000800a208       0x40 ./Middlewares/Third_Party/SubGHz_Phy/stm32_radio_driver/radio_driver.o
                0x000000000800a208                SUBGRF_SetRx
 .text.SUBGRF_SetRxBoosted
                0x000000000800a248       0x48 ./Middlewares/Third_Party/SubGHz_Phy/stm32_radio_driver/radio_driver.o
                0x000000000800a248                SUBGRF_SetRxBoosted
 .text.SUBGRF_SetRxDutyCycle
                0x000000000800a290       0x58 ./Middlewares/Third_Party/SubGHz_Phy/stm32_radio_driver/radio_driver.o
                0x000000000800a290                SUBGRF_SetRxDutyCycle
 .text.SUBGRF_SetCad
                0x000000000800a2e8       0x1c ./Middlewares/Third_Party/SubGHz_Phy/stm32_radio_driver/radio_driver.o
                0x000000000800a2e8                SUBGRF_SetCad
 .text.SUBGRF_SetTxContinuousWave
                0x000000000800a304       0x12 ./Middlewares/Third_Party/SubGHz_Phy/stm32_radio_driver/radio_driver.o
                0x000000000800a304                SUBGRF_SetTxContinuousWave
 .text.SUBGRF_SetTxInfinitePreamble
                0x000000000800a316       0x12 ./Middlewares/Third_Party/SubGHz_Phy/stm32_radio_driver/radio_driver.o
                0x000000000800a316                SUBGRF_SetTxInfinitePreamble
 .text.SUBGRF_SetStopRxTimerOnPreambleDetect
                0x000000000800a328       0x1e ./Middlewares/Third_Party/SubGHz_Phy/stm32_radio_driver/radio_driver.o
                0x000000000800a328                SUBGRF_SetStopRxTimerOnPreambleDetect
 .text.SUBGRF_SetLoRaSymbNumTimeout
                0x000000000800a346       0x5e ./Middlewares/Third_Party/SubGHz_Phy/stm32_radio_driver/radio_driver.o
                0x000000000800a346                SUBGRF_SetLoRaSymbNumTimeout
 .text.SUBGRF_SetRegulatorMode
                0x000000000800a3a4       0x2e ./Middlewares/Third_Party/SubGHz_Phy/stm32_radio_driver/radio_driver.o
                0x000000000800a3a4                SUBGRF_SetRegulatorMode
 .text.SUBGRF_Calibrate
                0x000000000800a3d2       0x8c ./Middlewares/Third_Party/SubGHz_Phy/stm32_radio_driver/radio_driver.o
                0x000000000800a3d2                SUBGRF_Calibrate
 *fill*         0x000000000800a45e        0x2 
 .text.SUBGRF_CalibrateImage
                0x000000000800a460       0x94 ./Middlewares/Third_Party/SubGHz_Phy/stm32_radio_driver/radio_driver.o
                0x000000000800a460                SUBGRF_CalibrateImage
 .text.SUBGRF_SetPaConfig
                0x000000000800a4f4       0x44 ./Middlewares/Third_Party/SubGHz_Phy/stm32_radio_driver/radio_driver.o
                0x000000000800a4f4                SUBGRF_SetPaConfig
 .text.SUBGRF_SetDioIrqParams
                0x000000000800a538       0x74 ./Middlewares/Third_Party/SubGHz_Phy/stm32_radio_driver/radio_driver.o
                0x000000000800a538                SUBGRF_SetDioIrqParams
 .text.SUBGRF_SetTcxoMode
                0x000000000800a5ac       0x42 ./Middlewares/Third_Party/SubGHz_Phy/stm32_radio_driver/radio_driver.o
                0x000000000800a5ac                SUBGRF_SetTcxoMode
 *fill*         0x000000000800a5ee        0x2 
 .text.SUBGRF_SetRfFrequency
                0x000000000800a5f0       0x8c ./Middlewares/Third_Party/SubGHz_Phy/stm32_radio_driver/radio_driver.o
                0x000000000800a5f0                SUBGRF_SetRfFrequency
 .text.SUBGRF_SetPacketType
                0x000000000800a67c       0x38 ./Middlewares/Third_Party/SubGHz_Phy/stm32_radio_driver/radio_driver.o
                0x000000000800a67c                SUBGRF_SetPacketType
 .text.SUBGRF_GetPacketType
                0x000000000800a6b4       0x14 ./Middlewares/Third_Party/SubGHz_Phy/stm32_radio_driver/radio_driver.o
                0x000000000800a6b4                SUBGRF_GetPacketType
 .text.SUBGRF_SetTxParams
                0x000000000800a6c8      0x19a ./Middlewares/Third_Party/SubGHz_Phy/stm32_radio_driver/radio_driver.o
                0x000000000800a6c8                SUBGRF_SetTxParams
 *fill*         0x000000000800a862        0x2 
 .text.SUBGRF_SetModulationParams
                0x000000000800a864      0x1a4 ./Middlewares/Third_Party/SubGHz_Phy/stm32_radio_driver/radio_driver.o
                0x000000000800a864                SUBGRF_SetModulationParams
 .text.SUBGRF_SetPacketParams
                0x000000000800aa08      0x13c ./Middlewares/Third_Party/SubGHz_Phy/stm32_radio_driver/radio_driver.o
                0x000000000800aa08                SUBGRF_SetPacketParams
 .text.SUBGRF_SetBufferBaseAddress
                0x000000000800ab44       0x2e ./Middlewares/Third_Party/SubGHz_Phy/stm32_radio_driver/radio_driver.o
                0x000000000800ab44                SUBGRF_SetBufferBaseAddress
 .text.SUBGRF_GetRssiInst
                0x000000000800ab72       0x2a ./Middlewares/Third_Party/SubGHz_Phy/stm32_radio_driver/radio_driver.o
                0x000000000800ab72                SUBGRF_GetRssiInst
 .text.SUBGRF_GetRxBufferStatus
                0x000000000800ab9c       0x58 ./Middlewares/Third_Party/SubGHz_Phy/stm32_radio_driver/radio_driver.o
                0x000000000800ab9c                SUBGRF_GetRxBufferStatus
 .text.SUBGRF_GetPacketStatus
                0x000000000800abf4       0xa4 ./Middlewares/Third_Party/SubGHz_Phy/stm32_radio_driver/radio_driver.o
                0x000000000800abf4                SUBGRF_GetPacketStatus
 .text.SUBGRF_WriteRegister
                0x000000000800ac98       0x28 ./Middlewares/Third_Party/SubGHz_Phy/stm32_radio_driver/radio_driver.o
                0x000000000800ac98                SUBGRF_WriteRegister
 .text.SUBGRF_ReadRegister
                0x000000000800acc0       0x28 ./Middlewares/Third_Party/SubGHz_Phy/stm32_radio_driver/radio_driver.o
                0x000000000800acc0                SUBGRF_ReadRegister
 .text.SUBGRF_WriteRegisters
                0x000000000800ace8       0x44 ./Middlewares/Third_Party/SubGHz_Phy/stm32_radio_driver/radio_driver.o
                0x000000000800ace8                SUBGRF_WriteRegisters
 .text.SUBGRF_ReadRegisters
                0x000000000800ad2c       0x44 ./Middlewares/Third_Party/SubGHz_Phy/stm32_radio_driver/radio_driver.o
                0x000000000800ad2c                SUBGRF_ReadRegisters
 .text.SUBGRF_WriteBuffer
                0x000000000800ad70       0x44 ./Middlewares/Third_Party/SubGHz_Phy/stm32_radio_driver/radio_driver.o
                0x000000000800ad70                SUBGRF_WriteBuffer
 .text.SUBGRF_ReadBuffer
                0x000000000800adb4       0x44 ./Middlewares/Third_Party/SubGHz_Phy/stm32_radio_driver/radio_driver.o
                0x000000000800adb4                SUBGRF_ReadBuffer
 .text.SUBGRF_WriteCommand
                0x000000000800adf8       0x44 ./Middlewares/Third_Party/SubGHz_Phy/stm32_radio_driver/radio_driver.o
                0x000000000800adf8                SUBGRF_WriteCommand
 .text.SUBGRF_ReadCommand
                0x000000000800ae3c       0x44 ./Middlewares/Third_Party/SubGHz_Phy/stm32_radio_driver/radio_driver.o
                0x000000000800ae3c                SUBGRF_ReadCommand
 .text.SUBGRF_SetSwitch
                0x000000000800ae80       0x50 ./Middlewares/Third_Party/SubGHz_Phy/stm32_radio_driver/radio_driver.o
                0x000000000800ae80                SUBGRF_SetSwitch
 .text.SUBGRF_SetRfTxPower
                0x000000000800aed0       0x68 ./Middlewares/Third_Party/SubGHz_Phy/stm32_radio_driver/radio_driver.o
                0x000000000800aed0                SUBGRF_SetRfTxPower
 .text.SUBGRF_GetRadioWakeUpTime
                0x000000000800af38        0xe ./Middlewares/Third_Party/SubGHz_Phy/stm32_radio_driver/radio_driver.o
                0x000000000800af38                SUBGRF_GetRadioWakeUpTime
 *fill*         0x000000000800af46        0x2 
 .text.HAL_SUBGHZ_TxCpltCallback
                0x000000000800af48       0x1c ./Middlewares/Third_Party/SubGHz_Phy/stm32_radio_driver/radio_driver.o
                0x000000000800af48                HAL_SUBGHZ_TxCpltCallback
 .text.HAL_SUBGHZ_RxCpltCallback
                0x000000000800af64       0x1c ./Middlewares/Third_Party/SubGHz_Phy/stm32_radio_driver/radio_driver.o
                0x000000000800af64                HAL_SUBGHZ_RxCpltCallback
 .text.HAL_SUBGHZ_CRCErrorCallback
                0x000000000800af80       0x1c ./Middlewares/Third_Party/SubGHz_Phy/stm32_radio_driver/radio_driver.o
                0x000000000800af80                HAL_SUBGHZ_CRCErrorCallback
 .text.HAL_SUBGHZ_CADStatusCallback
                0x000000000800af9c       0x3c ./Middlewares/Third_Party/SubGHz_Phy/stm32_radio_driver/radio_driver.o
                0x000000000800af9c                HAL_SUBGHZ_CADStatusCallback
 .text.HAL_SUBGHZ_RxTxTimeoutCallback
                0x000000000800afd8       0x20 ./Middlewares/Third_Party/SubGHz_Phy/stm32_radio_driver/radio_driver.o
                0x000000000800afd8                HAL_SUBGHZ_RxTxTimeoutCallback
 .text.HAL_SUBGHZ_HeaderErrorCallback
                0x000000000800aff8       0x1c ./Middlewares/Third_Party/SubGHz_Phy/stm32_radio_driver/radio_driver.o
                0x000000000800aff8                HAL_SUBGHZ_HeaderErrorCallback
 .text.HAL_SUBGHZ_PreambleDetectedCallback
                0x000000000800b014       0x1c ./Middlewares/Third_Party/SubGHz_Phy/stm32_radio_driver/radio_driver.o
                0x000000000800b014                HAL_SUBGHZ_PreambleDetectedCallback
 .text.HAL_SUBGHZ_SyncWordValidCallback
                0x000000000800b030       0x1c ./Middlewares/Third_Party/SubGHz_Phy/stm32_radio_driver/radio_driver.o
                0x000000000800b030                HAL_SUBGHZ_SyncWordValidCallback
 .text.HAL_SUBGHZ_HeaderValidCallback
                0x000000000800b04c       0x1c ./Middlewares/Third_Party/SubGHz_Phy/stm32_radio_driver/radio_driver.o
                0x000000000800b04c                HAL_SUBGHZ_HeaderValidCallback
 .text.HAL_SUBGHZ_LrFhssHopCallback
                0x000000000800b068       0x20 ./Middlewares/Third_Party/SubGHz_Phy/stm32_radio_driver/radio_driver.o
                0x000000000800b068                HAL_SUBGHZ_LrFhssHopCallback
 .text.Radio_SMPS_Set
                0x000000000800b088       0x42 ./Middlewares/Third_Party/SubGHz_Phy/stm32_radio_driver/radio_driver.o
 *fill*         0x000000000800b0ca        0x2 
 .text.SUBGRF_GetFskBandwidthRegValue
                0x000000000800b0cc       0x50 ./Middlewares/Third_Party/SubGHz_Phy/stm32_radio_driver/radio_driver.o
                0x000000000800b0cc                SUBGRF_GetFskBandwidthRegValue
 .text.SUBGRF_GetCFO
                0x000000000800b11c       0xe8 ./Middlewares/Third_Party/SubGHz_Phy/stm32_radio_driver/radio_driver.o
                0x000000000800b11c                SUBGRF_GetCFO
 .text.RFW_TransmitLongPacket
                0x000000000800b204       0x24 ./Middlewares/Third_Party/SubGHz_Phy/stm32_radio_driver/radio_fw.o
                0x000000000800b204                RFW_TransmitLongPacket
 .text.RFW_ReceiveLongPacket
                0x000000000800b228       0x24 ./Middlewares/Third_Party/SubGHz_Phy/stm32_radio_driver/radio_fw.o
                0x000000000800b228                RFW_ReceiveLongPacket
 .text.RFW_Init
                0x000000000800b24c       0x1a ./Middlewares/Third_Party/SubGHz_Phy/stm32_radio_driver/radio_fw.o
                0x000000000800b24c                RFW_Init
 .text.RFW_DeInit
                0x000000000800b266        0xc ./Middlewares/Third_Party/SubGHz_Phy/stm32_radio_driver/radio_fw.o
                0x000000000800b266                RFW_DeInit
 .text.RFW_Is_Init
                0x000000000800b272        0xe ./Middlewares/Third_Party/SubGHz_Phy/stm32_radio_driver/radio_fw.o
                0x000000000800b272                RFW_Is_Init
 .text.RFW_Is_LongPacketModeEnabled
                0x000000000800b280        0xe ./Middlewares/Third_Party/SubGHz_Phy/stm32_radio_driver/radio_fw.o
                0x000000000800b280                RFW_Is_LongPacketModeEnabled
 .text.RFW_SetAntSwitch
                0x000000000800b28e       0x14 ./Middlewares/Third_Party/SubGHz_Phy/stm32_radio_driver/radio_fw.o
                0x000000000800b28e                RFW_SetAntSwitch
 .text.RFW_TransmitInit
                0x000000000800b2a2       0x20 ./Middlewares/Third_Party/SubGHz_Phy/stm32_radio_driver/radio_fw.o
                0x000000000800b2a2                RFW_TransmitInit
 .text.RFW_ReceiveInit
                0x000000000800b2c2       0x10 ./Middlewares/Third_Party/SubGHz_Phy/stm32_radio_driver/radio_fw.o
                0x000000000800b2c2                RFW_ReceiveInit
 .text.RFW_DeInit_TxLongPacket
                0x000000000800b2d2        0xc ./Middlewares/Third_Party/SubGHz_Phy/stm32_radio_driver/radio_fw.o
                0x000000000800b2d2                RFW_DeInit_TxLongPacket
 .text.RFW_ReceivePayload
                0x000000000800b2de        0xc ./Middlewares/Third_Party/SubGHz_Phy/stm32_radio_driver/radio_fw.o
                0x000000000800b2de                RFW_ReceivePayload
 .text.RFW_SetRadioModem
                0x000000000800b2ea       0x14 ./Middlewares/Third_Party/SubGHz_Phy/stm32_radio_driver/radio_fw.o
                0x000000000800b2ea                RFW_SetRadioModem
 .text.MX_SubGHz_Phy_Init
                0x000000000800b2fe       0x10 ./SubGHz_Phy/App/app_subghz_phy.o
                0x000000000800b2fe                MX_SubGHz_Phy_Init
 .text.MX_SubGHz_Phy_Process
                0x000000000800b30e        0xc ./SubGHz_Phy/App/app_subghz_phy.o
                0x000000000800b30e                MX_SubGHz_Phy_Process
 *fill*         0x000000000800b31a        0x2 
 .text.SubghzApp_Init
                0x000000000800b31c       0x4c ./SubGHz_Phy/App/subghz_phy_app.o
                0x000000000800b31c                SubghzApp_Init
 .text.OnTxDone
                0x000000000800b368        0xc ./SubGHz_Phy/App/subghz_phy_app.o
 .text.OnRxDone
                0x000000000800b374       0x24 ./SubGHz_Phy/App/subghz_phy_app.o
 .text.OnTxTimeout
                0x000000000800b398        0xc ./SubGHz_Phy/App/subghz_phy_app.o
 .text.OnRxTimeout
                0x000000000800b3a4        0xc ./SubGHz_Phy/App/subghz_phy_app.o
 .text.OnRxError
                0x000000000800b3b0        0xc ./SubGHz_Phy/App/subghz_phy_app.o
 .text.LL_AHB2_GRP1_EnableClock
                0x000000000800b3bc       0x30 ./SubGHz_Phy/Target/radio_board_if.o
 .text.RBI_Init
                0x000000000800b3ec       0x80 ./SubGHz_Phy/Target/radio_board_if.o
                0x000000000800b3ec                RBI_Init
 .text.RBI_ConfigRFSwitch
                0x000000000800b46c       0x94 ./SubGHz_Phy/Target/radio_board_if.o
                0x000000000800b46c                RBI_ConfigRFSwitch
 .text.RBI_GetTxConfig
                0x000000000800b500       0x16 ./SubGHz_Phy/Target/radio_board_if.o
                0x000000000800b500                RBI_GetTxConfig
 .text.RBI_IsTCXO
                0x000000000800b516       0x16 ./SubGHz_Phy/Target/radio_board_if.o
                0x000000000800b516                RBI_IsTCXO
 .text.RBI_IsDCDC
                0x000000000800b52c       0x16 ./SubGHz_Phy/Target/radio_board_if.o
                0x000000000800b52c                RBI_IsDCDC
 .text.RBI_GetRFOMaxPowerConfig
                0x000000000800b542       0x2a ./SubGHz_Phy/Target/radio_board_if.o
                0x000000000800b542                RBI_GetRFOMaxPowerConfig
 .text.UTIL_MEM_cpy_8
                0x000000000800b56c       0x3e ./Utilities/misc/stm32_mem.o
                0x000000000800b56c                UTIL_MEM_cpy_8
 .text.UTIL_MEM_set_8
                0x000000000800b5aa       0x36 ./Utilities/misc/stm32_mem.o
                0x000000000800b5aa                UTIL_MEM_set_8
 .text.UTIL_TIMER_Create
                0x000000000800b5e0       0x6c ./Utilities/timer/stm32_timer.o
                0x000000000800b5e0                UTIL_TIMER_Create
 .text.UTIL_TIMER_Start
                0x000000000800b64c       0xdc ./Utilities/timer/stm32_timer.o
                0x000000000800b64c                UTIL_TIMER_Start
 .text.UTIL_TIMER_Stop
                0x000000000800b728       0xe0 ./Utilities/timer/stm32_timer.o
                0x000000000800b728                UTIL_TIMER_Stop
 .text.UTIL_TIMER_SetPeriod
                0x000000000800b808       0x54 ./Utilities/timer/stm32_timer.o
                0x000000000800b808                UTIL_TIMER_SetPeriod
 .text.UTIL_TIMER_GetCurrentTime
                0x000000000800b85c       0x24 ./Utilities/timer/stm32_timer.o
                0x000000000800b85c                UTIL_TIMER_GetCurrentTime
 .text.UTIL_TIMER_GetElapsedTime
                0x000000000800b880       0x38 ./Utilities/timer/stm32_timer.o
                0x000000000800b880                UTIL_TIMER_GetElapsedTime
 .text.TimerExists
                0x000000000800b8b8       0x38 ./Utilities/timer/stm32_timer.o
                0x000000000800b8b8                TimerExists
 .text.TimerSetTimeout
                0x000000000800b8f0       0x54 ./Utilities/timer/stm32_timer.o
                0x000000000800b8f0                TimerSetTimeout
 .text.TimerInsertTimer
                0x000000000800b944       0x60 ./Utilities/timer/stm32_timer.o
                0x000000000800b944                TimerInsertTimer
 .text.TimerInsertNewHeadTimer
                0x000000000800b9a4       0x3c ./Utilities/timer/stm32_timer.o
                0x000000000800b9a4                TimerInsertNewHeadTimer
 .text._vsnprintf_r
                0x000000000800b9e0       0x56 /Applications/STM32CubeIDE.app/Contents/Eclipse/plugins/com.st.stm32cube.ide.mcu.externaltools.gnu-tools-for-stm32.11.3.rel1.macos64_1.1.0.202305231506/tools/bin/../lib/gcc/arm-none-eabi/11.3.1/../../../../arm-none-eabi/lib/thumb/v7e-m/nofp/libc_nano.a(libc_a-vsnprintf.o)
                0x000000000800b9e0                _vsnprintf_r
                0x000000000800b9e0                _vsniprintf_r
 *fill*         0x000000000800ba36        0x2 
 .text.vsnprintf
                0x000000000800ba38       0x1c /Applications/STM32CubeIDE.app/Contents/Eclipse/plugins/com.st.stm32cube.ide.mcu.externaltools.gnu-tools-for-stm32.11.3.rel1.macos64_1.1.0.202305231506/tools/bin/../lib/gcc/arm-none-eabi/11.3.1/../../../../arm-none-eabi/lib/thumb/v7e-m/nofp/libc_nano.a(libc_a-vsnprintf.o)
                0x000000000800ba38                vsnprintf
                0x000000000800ba38                vsniprintf
 .text.memset   0x000000000800ba54       0x10 /Applications/STM32CubeIDE.app/Contents/Eclipse/plugins/com.st.stm32cube.ide.mcu.externaltools.gnu-tools-for-stm32.11.3.rel1.macos64_1.1.0.202305231506/tools/bin/../lib/gcc/arm-none-eabi/11.3.1/../../../../arm-none-eabi/lib/thumb/v7e-m/nofp/libc_nano.a(libc_a-memset.o)
                0x000000000800ba54                memset
 .text.__errno  0x000000000800ba64        0xc /Applications/STM32CubeIDE.app/Contents/Eclipse/plugins/com.st.stm32cube.ide.mcu.externaltools.gnu-tools-for-stm32.11.3.rel1.macos64_1.1.0.202305231506/tools/bin/../lib/gcc/arm-none-eabi/11.3.1/../../../../arm-none-eabi/lib/thumb/v7e-m/nofp/libc_nano.a(libc_a-errno.o)
                0x000000000800ba64                __errno
 .text.__libc_init_array
                0x000000000800ba70       0x48 /Applications/STM32CubeIDE.app/Contents/Eclipse/plugins/com.st.stm32cube.ide.mcu.externaltools.gnu-tools-for-stm32.11.3.rel1.macos64_1.1.0.202305231506/tools/bin/../lib/gcc/arm-none-eabi/11.3.1/../../../../arm-none-eabi/lib/thumb/v7e-m/nofp/libc_nano.a(libc_a-init.o)
                0x000000000800ba70                __libc_init_array
 .text.__retarget_lock_acquire_recursive
                0x000000000800bab8        0x2 /Applications/STM32CubeIDE.app/Contents/Eclipse/plugins/com.st.stm32cube.ide.mcu.externaltools.gnu-tools-for-stm32.11.3.rel1.macos64_1.1.0.202305231506/tools/bin/../lib/gcc/arm-none-eabi/11.3.1/../../../../arm-none-eabi/lib/thumb/v7e-m/nofp/libc_nano.a(libc_a-lock.o)
                0x000000000800bab8                __retarget_lock_acquire_recursive
 .text.__retarget_lock_release_recursive
                0x000000000800baba        0x2 /Applications/STM32CubeIDE.app/Contents/Eclipse/plugins/com.st.stm32cube.ide.mcu.externaltools.gnu-tools-for-stm32.11.3.rel1.macos64_1.1.0.202305231506/tools/bin/../lib/gcc/arm-none-eabi/11.3.1/../../../../arm-none-eabi/lib/thumb/v7e-m/nofp/libc_nano.a(libc_a-lock.o)
                0x000000000800baba                __retarget_lock_release_recursive
 .text.memcpy   0x000000000800babc       0x1c /Applications/STM32CubeIDE.app/Contents/Eclipse/plugins/com.st.stm32cube.ide.mcu.externaltools.gnu-tools-for-stm32.11.3.rel1.macos64_1.1.0.202305231506/tools/bin/../lib/gcc/arm-none-eabi/11.3.1/../../../../arm-none-eabi/lib/thumb/v7e-m/nofp/libc_nano.a(libc_a-memcpy-stub.o)
                0x000000000800babc                memcpy
 .text.__ssputs_r
                0x000000000800bad8       0xb4 /Applications/STM32CubeIDE.app/Contents/Eclipse/plugins/com.st.stm32cube.ide.mcu.externaltools.gnu-tools-for-stm32.11.3.rel1.macos64_1.1.0.202305231506/tools/bin/../lib/gcc/arm-none-eabi/11.3.1/../../../../arm-none-eabi/lib/thumb/v7e-m/nofp/libc_nano.a(libc_a-nano-svfprintf.o)
                0x000000000800bad8                __ssputs_r
 .text._svfprintf_r
                0x000000000800bb8c      0x1fc /Applications/STM32CubeIDE.app/Contents/Eclipse/plugins/com.st.stm32cube.ide.mcu.externaltools.gnu-tools-for-stm32.11.3.rel1.macos64_1.1.0.202305231506/tools/bin/../lib/gcc/arm-none-eabi/11.3.1/../../../../arm-none-eabi/lib/thumb/v7e-m/nofp/libc_nano.a(libc_a-nano-svfprintf.o)
                0x000000000800bb8c                _svfprintf_r
                0x000000000800bb8c                _svfiprintf_r
 .text.sbrk_aligned
                0x000000000800bd88       0x40 /Applications/STM32CubeIDE.app/Contents/Eclipse/plugins/com.st.stm32cube.ide.mcu.externaltools.gnu-tools-for-stm32.11.3.rel1.macos64_1.1.0.202305231506/tools/bin/../lib/gcc/arm-none-eabi/11.3.1/../../../../arm-none-eabi/lib/thumb/v7e-m/nofp/libc_nano.a(libc_a-mallocr.o)
 .text._malloc_r
                0x000000000800bdc8      0x100 /Applications/STM32CubeIDE.app/Contents/Eclipse/plugins/com.st.stm32cube.ide.mcu.externaltools.gnu-tools-for-stm32.11.3.rel1.macos64_1.1.0.202305231506/tools/bin/../lib/gcc/arm-none-eabi/11.3.1/../../../../arm-none-eabi/lib/thumb/v7e-m/nofp/libc_nano.a(libc_a-mallocr.o)
                0x000000000800bdc8                _malloc_r
 .text._printf_common
                0x000000000800bec8       0xda /Applications/STM32CubeIDE.app/Contents/Eclipse/plugins/com.st.stm32cube.ide.mcu.externaltools.gnu-tools-for-stm32.11.3.rel1.macos64_1.1.0.202305231506/tools/bin/../lib/gcc/arm-none-eabi/11.3.1/../../../../arm-none-eabi/lib/thumb/v7e-m/nofp/libc_nano.a(libc_a-nano-vfprintf_i.o)
                0x000000000800bec8                _printf_common
 *fill*         0x000000000800bfa2        0x2 
 .text._printf_i
                0x000000000800bfa4      0x244 /Applications/STM32CubeIDE.app/Contents/Eclipse/plugins/com.st.stm32cube.ide.mcu.externaltools.gnu-tools-for-stm32.11.3.rel1.macos64_1.1.0.202305231506/tools/bin/../lib/gcc/arm-none-eabi/11.3.1/../../../../arm-none-eabi/lib/thumb/v7e-m/nofp/libc_nano.a(libc_a-nano-vfprintf_i.o)
                0x000000000800bfa4                _printf_i
 .text.__malloc_lock
                0x000000000800c1e8        0xc /Applications/STM32CubeIDE.app/Contents/Eclipse/plugins/com.st.stm32cube.ide.mcu.externaltools.gnu-tools-for-stm32.11.3.rel1.macos64_1.1.0.202305231506/tools/bin/../lib/gcc/arm-none-eabi/11.3.1/../../../../arm-none-eabi/lib/thumb/v7e-m/nofp/libc_nano.a(libc_a-mlock.o)
                0x000000000800c1e8                __malloc_lock
 .text.__malloc_unlock
                0x000000000800c1f4        0xc /Applications/STM32CubeIDE.app/Contents/Eclipse/plugins/com.st.stm32cube.ide.mcu.externaltools.gnu-tools-for-stm32.11.3.rel1.macos64_1.1.0.202305231506/tools/bin/../lib/gcc/arm-none-eabi/11.3.1/../../../../arm-none-eabi/lib/thumb/v7e-m/nofp/libc_nano.a(libc_a-mlock.o)
                0x000000000800c1f4                __malloc_unlock
 .text._realloc_r
                0x000000000800c200       0x5e /Applications/STM32CubeIDE.app/Contents/Eclipse/plugins/com.st.stm32cube.ide.mcu.externaltools.gnu-tools-for-stm32.11.3.rel1.macos64_1.1.0.202305231506/tools/bin/../lib/gcc/arm-none-eabi/11.3.1/../../../../arm-none-eabi/lib/thumb/v7e-m/nofp/libc_nano.a(libc_a-reallocr.o)
                0x000000000800c200                _realloc_r
 .text.memmove  0x000000000800c25e       0x34 /Applications/STM32CubeIDE.app/Contents/Eclipse/plugins/com.st.stm32cube.ide.mcu.externaltools.gnu-tools-for-stm32.11.3.rel1.macos64_1.1.0.202305231506/tools/bin/../lib/gcc/arm-none-eabi/11.3.1/../../../../arm-none-eabi/lib/thumb/v7e-m/nofp/libc_nano.a(libc_a-memmove.o)
                0x000000000800c25e                memmove
 *fill*         0x000000000800c292        0x2 
 .text._sbrk_r  0x000000000800c294       0x20 /Applications/STM32CubeIDE.app/Contents/Eclipse/plugins/com.st.stm32cube.ide.mcu.externaltools.gnu-tools-for-stm32.11.3.rel1.macos64_1.1.0.202305231506/tools/bin/../lib/gcc/arm-none-eabi/11.3.1/../../../../arm-none-eabi/lib/thumb/v7e-m/nofp/libc_nano.a(libc_a-sbrkr.o)
                0x000000000800c294                _sbrk_r
 .text._free_r  0x000000000800c2b4       0x94 /Applications/STM32CubeIDE.app/Contents/Eclipse/plugins/com.st.stm32cube.ide.mcu.externaltools.gnu-tools-for-stm32.11.3.rel1.macos64_1.1.0.202305231506/tools/bin/../lib/gcc/arm-none-eabi/11.3.1/../../../../arm-none-eabi/lib/thumb/v7e-m/nofp/libc_nano.a(libc_a-freer.o)
                0x000000000800c2b4                _free_r
 .text._malloc_usable_size_r
                0x000000000800c348       0x10 /Applications/STM32CubeIDE.app/Contents/Eclipse/plugins/com.st.stm32cube.ide.mcu.externaltools.gnu-tools-for-stm32.11.3.rel1.macos64_1.1.0.202305231506/tools/bin/../lib/gcc/arm-none-eabi/11.3.1/../../../../arm-none-eabi/lib/thumb/v7e-m/nofp/libc_nano.a(libc_a-msizer.o)
                0x000000000800c348                _malloc_usable_size_r
 *(.glue_7)
 .glue_7        0x000000000800c358        0x0 linker stubs
 *(.glue_7t)
 .glue_7t       0x000000000800c358        0x0 linker stubs
 *(.eh_frame)
 .eh_frame      0x000000000800c358        0x0 /Applications/STM32CubeIDE.app/Contents/Eclipse/plugins/com.st.stm32cube.ide.mcu.externaltools.gnu-tools-for-stm32.11.3.rel1.macos64_1.1.0.202305231506/tools/bin/../lib/gcc/arm-none-eabi/11.3.1/thumb/v7e-m/nofp/crtbegin.o
 *(.init)
 .init          0x000000000800c358        0x4 /Applications/STM32CubeIDE.app/Contents/Eclipse/plugins/com.st.stm32cube.ide.mcu.externaltools.gnu-tools-for-stm32.11.3.rel1.macos64_1.1.0.202305231506/tools/bin/../lib/gcc/arm-none-eabi/11.3.1/thumb/v7e-m/nofp/crti.o
                0x000000000800c358                _init
 .init          0x000000000800c35c        0x8 /Applications/STM32CubeIDE.app/Contents/Eclipse/plugins/com.st.stm32cube.ide.mcu.externaltools.gnu-tools-for-stm32.11.3.rel1.macos64_1.1.0.202305231506/tools/bin/../lib/gcc/arm-none-eabi/11.3.1/thumb/v7e-m/nofp/crtn.o
 *(.fini)
 .fini          0x000000000800c364        0x4 /Applications/STM32CubeIDE.app/Contents/Eclipse/plugins/com.st.stm32cube.ide.mcu.externaltools.gnu-tools-for-stm32.11.3.rel1.macos64_1.1.0.202305231506/tools/bin/../lib/gcc/arm-none-eabi/11.3.1/thumb/v7e-m/nofp/crti.o
                0x000000000800c364                _fini
 .fini          0x000000000800c368        0x8 /Applications/STM32CubeIDE.app/Contents/Eclipse/plugins/com.st.stm32cube.ide.mcu.externaltools.gnu-tools-for-stm32.11.3.rel1.macos64_1.1.0.202305231506/tools/bin/../lib/gcc/arm-none-eabi/11.3.1/thumb/v7e-m/nofp/crtn.o
                0x000000000800c370                . = ALIGN (0x4)
                0x000000000800c370                _etext = .

.vfp11_veneer   0x000000000800c370        0x0
 .vfp11_veneer  0x000000000800c370        0x0 linker stubs

.v4_bx          0x000000000800c370        0x0
 .v4_bx         0x000000000800c370        0x0 linker stubs

.iplt           0x000000000800c370        0x0
 .iplt          0x000000000800c370        0x0 /Applications/STM32CubeIDE.app/Contents/Eclipse/plugins/com.st.stm32cube.ide.mcu.externaltools.gnu-tools-for-stm32.11.3.rel1.macos64_1.1.0.202305231506/tools/bin/../lib/gcc/arm-none-eabi/11.3.1/thumb/v7e-m/nofp/crtbegin.o

.rodata         0x000000000800c370      0xaa4
                0x000000000800c370                . = ALIGN (0x4)
 *(.rodata)
 .rodata        0x000000000800c370       0x22 ./Core/Src/ax25_generator.o
 *fill*         0x000000000800c392        0x2 
 .rodata        0x000000000800c394      0x6b6 ./Core/Src/main.o
 *fill*         0x000000000800ca4a        0x2 
 .rodata        0x000000000800ca4c      0x11e ./Core/Src/obc_interface.o
 *fill*         0x000000000800cb6a        0x2 
 .rodata        0x000000000800cb6c       0x1c ./Drivers/STM32WLxx_HAL_Driver/Src/stm32wlxx_hal_rcc.o
 .rodata        0x000000000800cb88       0x10 ./Middlewares/Third_Party/SubGHz_Phy/stm32_radio_driver/radio.o
 .rodata        0x000000000800cb98       0x11 ./Middlewares/Third_Party/SubGHz_Phy/stm32_radio_driver/radio_driver.o
 *(.rodata*)
 *fill*         0x000000000800cba9        0x3 
 .rodata.AHBPrescTable
                0x000000000800cbac       0x40 ./Core/Src/system_stm32wlxx.o
                0x000000000800cbac                AHBPrescTable
 .rodata.APBPrescTable
                0x000000000800cbec       0x20 ./Core/Src/system_stm32wlxx.o
                0x000000000800cbec                APBPrescTable
 .rodata.MSIRangeTable
                0x000000000800cc0c       0x40 ./Core/Src/system_stm32wlxx.o
                0x000000000800cc0c                MSIRangeTable
 .rodata.UTIL_TimerDriver
                0x000000000800cc4c       0x2c ./Core/Src/timer_if.o
                0x000000000800cc4c                UTIL_TimerDriver
 .rodata.UARTPrescTable
                0x000000000800cc78       0x18 ./Drivers/STM32WLxx_HAL_Driver/Src/stm32wlxx_hal_uart.o
                0x000000000800cc78                UARTPrescTable
 .rodata.numerator.1
                0x000000000800cc90        0x8 ./Drivers/STM32WLxx_HAL_Driver/Src/stm32wlxx_hal_uart_ex.o
 .rodata.denominator.0
                0x000000000800cc98        0x8 ./Drivers/STM32WLxx_HAL_Driver/Src/stm32wlxx_hal_uart_ex.o
 .rodata.Radio  0x000000000800cca0       0x8c ./Middlewares/Third_Party/SubGHz_Phy/stm32_radio_driver/radio.o
                0x000000000800cca0                Radio
 .rodata.Bandwidths
                0x000000000800cd2c        0x3 ./Middlewares/Third_Party/SubGHz_Phy/stm32_radio_driver/radio.o
                0x000000000800cd2c                Bandwidths
 *fill*         0x000000000800cd2f        0x1 
 .rodata.FskBandwidths
                0x000000000800cd30       0xb0 ./Middlewares/Third_Party/SubGHz_Phy/stm32_radio_driver/radio_driver.o
 .rodata._svfprintf_r.str1.1
                0x000000000800cde0       0x11 /Applications/STM32CubeIDE.app/Contents/Eclipse/plugins/com.st.stm32cube.ide.mcu.externaltools.gnu-tools-for-stm32.11.3.rel1.macos64_1.1.0.202305231506/tools/bin/../lib/gcc/arm-none-eabi/11.3.1/../../../../arm-none-eabi/lib/thumb/v7e-m/nofp/libc_nano.a(libc_a-nano-svfprintf.o)
 .rodata._printf_i.str1.1
                0x000000000800cdf1       0x22 /Applications/STM32CubeIDE.app/Contents/Eclipse/plugins/com.st.stm32cube.ide.mcu.externaltools.gnu-tools-for-stm32.11.3.rel1.macos64_1.1.0.202305231506/tools/bin/../lib/gcc/arm-none-eabi/11.3.1/../../../../arm-none-eabi/lib/thumb/v7e-m/nofp/libc_nano.a(libc_a-nano-vfprintf_i.o)
                0x000000000800ce14                . = ALIGN (0x4)
 *fill*         0x000000000800ce13        0x1 

.ARM.extab      0x000000000800ce14        0x0
                0x000000000800ce14                . = ALIGN (0x4)
 *(.ARM.extab* .gnu.linkonce.armextab.*)
                0x000000000800ce14                . = ALIGN (0x4)

.ARM            0x000000000800ce14        0x8
                0x000000000800ce14                . = ALIGN (0x4)
                0x000000000800ce14                __exidx_start = .
 *(.ARM.exidx*)
 .ARM.exidx     0x000000000800ce14        0x8 /Applications/STM32CubeIDE.app/Contents/Eclipse/plugins/com.st.stm32cube.ide.mcu.externaltools.gnu-tools-for-stm32.11.3.rel1.macos64_1.1.0.202305231506/tools/bin/../lib/gcc/arm-none-eabi/11.3.1/thumb/v7e-m/nofp/libgcc.a(_udivmoddi4.o)
                0x000000000800ce1c                __exidx_end = .
                0x000000000800ce1c                . = ALIGN (0x4)

.rel.dyn        0x000000000800ce1c        0x0
 .rel.iplt      0x000000000800ce1c        0x0 /Applications/STM32CubeIDE.app/Contents/Eclipse/plugins/com.st.stm32cube.ide.mcu.externaltools.gnu-tools-for-stm32.11.3.rel1.macos64_1.1.0.202305231506/tools/bin/../lib/gcc/arm-none-eabi/11.3.1/thumb/v7e-m/nofp/crtbegin.o

.preinit_array  0x000000000800ce1c        0x0
                0x000000000800ce1c                . = ALIGN (0x4)
                0x000000000800ce1c                PROVIDE (__preinit_array_start = .)
 *(.preinit_array*)
                0x000000000800ce1c                PROVIDE (__preinit_array_end = .)
                0x000000000800ce1c                . = ALIGN (0x4)

.init_array     0x000000000800ce1c        0x4
                0x000000000800ce1c                . = ALIGN (0x4)
                0x000000000800ce1c                PROVIDE (__init_array_start = .)
 *(SORT_BY_NAME(.init_array.*))
 *(.init_array*)
 .init_array    0x000000000800ce1c        0x4 /Applications/STM32CubeIDE.app/Contents/Eclipse/plugins/com.st.stm32cube.ide.mcu.externaltools.gnu-tools-for-stm32.11.3.rel1.macos64_1.1.0.202305231506/tools/bin/../lib/gcc/arm-none-eabi/11.3.1/thumb/v7e-m/nofp/crtbegin.o
                0x000000000800ce20                PROVIDE (__init_array_end = .)
                0x000000000800ce20                . = ALIGN (0x4)

.fini_array     0x000000000800ce20        0x4
                0x000000000800ce20                . = ALIGN (0x4)
                [!provide]                        PROVIDE (__fini_array_start = .)
 *(SORT_BY_NAME(.fini_array.*))
 *(.fini_array*)
 .fini_array    0x000000000800ce20        0x4 /Applications/STM32CubeIDE.app/Contents/Eclipse/plugins/com.st.stm32cube.ide.mcu.externaltools.gnu-tools-for-stm32.11.3.rel1.macos64_1.1.0.202305231506/tools/bin/../lib/gcc/arm-none-eabi/11.3.1/thumb/v7e-m/nofp/crtbegin.o
                [!provide]                        PROVIDE (__fini_array_end = .)
                0x000000000800ce24                . = ALIGN (0x4)
                0x000000000800ce24                _sidata = LOADADDR (.data)

.data           0x0000000020000000       0x68 load address 0x000000000800ce24
                0x0000000020000000                . = ALIGN (0x4)
                0x0000000020000000                _sdata = .
 *(.data)
 *(.data*)
 .data.rx_buffer_len
                0x0000000020000000        0x1 ./Core/Src/main.o
                0x0000000020000000                rx_buffer_len
 .data.obc_plen
                0x0000000020000001        0x1 ./Core/Src/main.o
                0x0000000020000001                obc_plen
 *fill*         0x0000000020000002        0x2 
 .data.BEACON_COUNT
                0x0000000020000004        0x4 ./Core/Src/main.o
                0x0000000020000004                BEACON_COUNT
 .data.COUNT_BEACON
                0x0000000020000008        0x4 ./Core/Src/main.o
                0x0000000020000008                COUNT_BEACON
 .data.SystemCoreClock
                0x000000002000000c        0x4 ./Core/Src/system_stm32wlxx.o
                0x000000002000000c                SystemCoreClock
 .data.uwTickPrio
                0x0000000020000010        0x4 ./Drivers/STM32WLxx_HAL_Driver/Src/stm32wlxx_hal.o
                0x0000000020000010                uwTickPrio
 .data.uwTickFreq
                0x0000000020000014        0x1 ./Drivers/STM32WLxx_HAL_Driver/Src/stm32wlxx_hal.o
                0x0000000020000014                uwTickFreq
 .data.MaxPayloadLength
                0x0000000020000015        0x1 ./Middlewares/Third_Party/SubGHz_Phy/stm32_radio_driver/radio.o
 *fill*         0x0000000020000016        0x2 
 .data._impure_data
                0x0000000020000018       0x4c /Applications/STM32CubeIDE.app/Contents/Eclipse/plugins/com.st.stm32cube.ide.mcu.externaltools.gnu-tools-for-stm32.11.3.rel1.macos64_1.1.0.202305231506/tools/bin/../lib/gcc/arm-none-eabi/11.3.1/../../../../arm-none-eabi/lib/thumb/v7e-m/nofp/libc_nano.a(libc_a-impure.o)
                0x0000000020000018                _impure_data
 .data._impure_ptr